******************************************************************************
                  TI ARM Linker PC v18.12.1                    
******************************************************************************
>> Linked Mon May  6 10:01:40 2019

OUTPUT FILE NAME:   <CPE329_P2_FunctionGenerator.out>
ENTRY POINT SYMBOL: "_c_int00_noargs"  address: 000029b9


MEMORY CONFIGURATION

         name            origin    length      used     unused   attr    fill
----------------------  --------  ---------  --------  --------  ----  --------
  MAIN                  00000000   00040000  00002c70  0003d390  R  X
  INFO                  00200000   00004000  00000000  00004000  R  X
  SRAM_CODE             01000000   00010000  00000650  0000f9b0  RW X
  SRAM_DATA             20000000   00010000  00000650  0000f9b0  RW  


SEGMENT ALLOCATION MAP

run origin  load origin   length   init length attrs members
----------  ----------- ---------- ----------- ----- -------
00000000    00000000    00002c70   00002c70    r-x
  00000000    00000000    000000e4   000000e4    r-- .intvecs
  000000e4    000000e4    000029dc   000029dc    r-x .text
  00002ac0    00002ac0    00000158   00000158    r-- .const
  00002c18    00002c18    00000058   00000058    r-- .cinit
20000000    20000000    00000450   00000000    rw-
  20000000    20000000    00000400   00000000    rw- .sysmem
  20000400    20000400    00000040   00000000    rw- .data
  20000440    20000440    00000010   00000000    rw- .bss
2000fe00    2000fe00    00000200   00000000    rw-
  2000fe00    2000fe00    00000200   00000000    rw- .stack


SECTION ALLOCATION MAP

 output                                  attributes/
section   page    origin      length       input sections
--------  ----  ----------  ----------   ----------------
.intvecs   0    00000000    000000e4     
                  00000000    000000e4     startup_msp432p401r_ccs.obj (.intvecs:retain)

.text      0    000000e4    000029dc     
                  000000e4    00000738     rtsv7M4_T_le_v4SPD16_eabi.lib : k_rem_pio2.c.obj (.text:__kernel_rem_pio2)
                  0000081c    00000620     main.obj (.text)
                  00000e3c    000005c4     rtsv7M4_T_le_v4SPD16_eabi.lib : s_sin.c.obj (.text:sin)
                  00001400    00000334     system_msp432p401r.obj (.text)
                  00001734    000001b6     rtsv7M4_T_le_v4SPD16_eabi.lib : fd_add_t2.asm.obj (.text)
                  000018ea    00000002                                   : _lock.c.obj (.text:_nop)
                  000018ec    000001b0     delay.obj (.text)
                  00001a9c    00000174     rtsv7M4_T_le_v4SPD16_eabi.lib : k_sin.c.obj (.text:__kernel_sin)
                  00001c10    0000016c                                   : k_cos.c.obj (.text:__kernel_cos)
                  00001d7c    00000136                                   : fd_div_t2.asm.obj (.text)
                  00001eb2    00000002     --HOLE-- [fill = 0]
                  00001eb4    00000110                                   : s_scalbn.c.obj (.text:scalbn)
                  00001fc4    0000010c     keypad.obj (.text)
                  000020d0    000000fc     rtsv7M4_T_le_v4SPD16_eabi.lib : fd_mul_t2.asm.obj (.text)
                  000021cc    000000f8                                   : s_floor.c.obj (.text:floor)
                  000022c4    000000f4                                   : memory.c.obj (.text:aligned_alloc)
                  000023b8    000000e8                                   : memory.c.obj (.text:free)
                  000024a0    000000d8                                   : memory.c.obj (.text:realloc)
                  00002578    0000009c                                   : memcpy_t2.asm.obj (.text)
                  00002614    00000086                                   : fd_cmp_t2.asm.obj (.text:__aeabi_cdcmple)
                  0000269a    00000086                                   : fd_cmp_t2.asm.obj (.text:__aeabi_cdrcmple)
                  00002720    0000007e     dynamicArray.obj (.text)
                  0000279e    00000002     --HOLE-- [fill = 0]
                  000027a0    0000007c     rtsv7M4_T_le_v4SPD16_eabi.lib : memory.c.obj (.text:split)
                  0000281c    0000006e                                   : fd_tos_t2.asm.obj (.text)
                  0000288a    00000068                                   : copy_decompress_lzss.c.obj (.text:decompress:lzss:__TI_decompress_lzss)
                  000028f2    00000048                                   : fd_toi_t2.asm.obj (.text)
                  0000293a    00000002     --HOLE-- [fill = 0]
                  0000293c    00000044                                   : autoinit.c.obj (.text:__TI_auto_init_nobinit_nopinit:__TI_auto_init_nobinit_nopinit)
                  00002980    00000038                                   : fs_tod_t2.asm.obj (.text)
                  000029b8    00000034                                   : boot_cortex_m.c.obj (.text:_c_int00_noargs:_c_int00_noargs)
                  000029ec    0000002e                                   : i_tofd_t2.asm.obj (.text)
                  00002a1a    00000002     --HOLE-- [fill = 0]
                  00002a1c    00000028                                   : memory.c.obj (.text:free_list_insert)
                  00002a44    0000001c                                   : memory.c.obj (.text:free_list_remove)
                  00002a60    0000001a                                   : s_copysign.c.obj (.text:copysign)
                  00002a7a    00000012                                   : copy_zero_init.c.obj (.text:decompress:ZI:__TI_zero_init_nomemset:__TI_zero_init_nomemset)
                  00002a8c    0000000e                                   : copy_decompress_none.c.obj (.text:decompress:none:__TI_decompress_none)
                  00002a9a    0000000e     startup_msp432p401r_ccs.obj (.text)
                  00002aa8    00000008     rtsv7M4_T_le_v4SPD16_eabi.lib : errno.c.obj (.text:__aeabi_errno_addr)
                  00002ab0    00000008                                   : memory.c.obj (.text:malloc)
                  00002ab8    00000004                                   : pre_init.c.obj (.text:_system_pre_init)
                  00002abc    00000004                                   : exit.c.obj (.text:abort:abort)

.const     0    00002ac0    00000158     
                  00002ac0    00000158     rtsv7M4_T_le_v4SPD16_eabi.lib : k_rem_pio2.c.obj (.const:$O1$$)

.cinit     0    00002c18    00000058     
                  00002c18    00000030     (.cinit..data.load) [load image, compression = lzss]
                  00002c48    0000000c     (__TI_handler_table)
                  00002c54    00000004     --HOLE-- [fill = 0]
                  00002c58    00000008     (.cinit..bss.load) [load image, compression = zero_init]
                  00002c60    00000010     (__TI_cinit_table)

.init_array 
*          0    00000000    00000000     UNINITIALIZED

.binit     0    00000000    00000000     

.sysmem    0    20000000    00000400     UNINITIALIZED
                  20000000    00000010     rtsv7M4_T_le_v4SPD16_eabi.lib : memory.c.obj (.sysmem)
                  20000010    000003f0     --HOLE--

.data      0    20000400    00000040     UNINITIALIZED
                  20000400    00000025     main.obj (.data)
                  20000425    00000003     --HOLE--
                  20000428    00000008     rtsv7M4_T_le_v4SPD16_eabi.lib : _lock.c.obj (.data:$O1$$)
                  20000430    00000008                                   : memory.c.obj (.data:$O1$$)
                  20000438    00000004                                   : errno.c.obj (.data)
                  2000043c    00000004     system_msp432p401r.obj (.data)

.bss       0    20000440    00000010     UNINITIALIZED
                  20000440    0000000c     (.common:lookupTable)
                  2000044c    00000004     (.common:length)

.stack     0    2000fe00    00000200     UNINITIALIZED
                  2000fe00    00000004     rtsv7M4_T_le_v4SPD16_eabi.lib : boot_cortex_m.c.obj (.stack)
                  2000fe04    000001fc     --HOLE--

MODULE SUMMARY

       Module                        code    ro data   rw data
       ------                        ----    -------   -------
    .\
       main.obj                      1568    0         106    
       system_msp432p401r.obj        820     0         8      
       delay.obj                     432     0         0      
       keypad.obj                    268     0         0      
       startup_msp432p401r_ccs.obj   14      228       0      
       dynamicArray.obj              126     0         0      
    +--+-----------------------------+-------+---------+---------+
       Total:                        3228    228       114    
                                                              
    C:\ti\ccs900\ccs\tools\compiler\ti-cgt-arm_18.12.1.LTS\lib\rtsv7M4_T_le_v4SPD16_eabi.lib
       k_rem_pio2.c.obj              1848    344       0      
       s_sin.c.obj                   1476    0         0      
       memory.c.obj                  892     0         16     
       fd_add_t2.asm.obj             438     0         0      
       k_sin.c.obj                   372     0         0      
       k_cos.c.obj                   364     0         0      
       fd_div_t2.asm.obj             310     0         0      
       s_scalbn.c.obj                272     0         0      
       fd_cmp_t2.asm.obj             268     0         0      
       fd_mul_t2.asm.obj             252     0         0      
       s_floor.c.obj                 248     0         0      
       memcpy_t2.asm.obj             156     0         0      
       fd_tos_t2.asm.obj             110     0         0      
       copy_decompress_lzss.c.obj    104     0         0      
       fd_toi_t2.asm.obj             72      0         0      
       autoinit.c.obj                68      0         0      
       fs_tod_t2.asm.obj             56      0         0      
       boot_cortex_m.c.obj           52      0         0      
       i_tofd_t2.asm.obj             46      0         0      
       s_copysign.c.obj              26      0         0      
       _lock.c.obj                   2       0         16     
       copy_zero_init.c.obj          18      0         0      
       errno.c.obj                   8       0         8      
       copy_decompress_none.c.obj    14      0         0      
       exit.c.obj                    4       0         0      
       pre_init.c.obj                4       0         0      
    +--+-----------------------------+-------+---------+---------+
       Total:                        7480    344       40     
                                                              
       Heap:                         0       0         2048   
       Stack:                        0       0         1024   
       Linker Generated:             0       84        0      
    +--+-----------------------------+-------+---------+---------+
       Grand Total:                  10708   656       3226   


LINKER GENERATED COPY TABLES

__TI_cinit_table @ 00002c60 records: 2, size/record: 8, table size: 16
	.data: load addr=00002c18, load size=00000030 bytes, run addr=20000400, run size=00000040 bytes, compression=lzss
	.bss: load addr=00002c58, load size=00000008 bytes, run addr=20000440, run size=00000010 bytes, compression=zero_init


LINKER GENERATED HANDLER TABLE

__TI_handler_table @ 00002c48 records: 3, size/record: 4, table size: 12
	index: 0, handler: __TI_decompress_lzss
	index: 1, handler: __TI_decompress_none
	index: 2, handler: __TI_zero_init


GLOBAL SYMBOLS: SORTED ALPHABETICALLY BY Name 

address   name                          
-------   ----                          
00002aa7  ADC14_IRQHandler              
00002aa7  AES256_IRQHandler             
00002aa7  BusFault_Handler              
00002abd  C$$EXIT                       
00002aa7  COMP_E0_IRQHandler            
00002aa7  COMP_E1_IRQHandler            
00002aa7  CS_IRQHandler                 
00002aa7  DMA_ERR_IRQHandler            
00002aa7  DMA_INT0_IRQHandler           
00002aa7  DMA_INT1_IRQHandler           
00002aa7  DMA_INT2_IRQHandler           
00002aa7  DMA_INT3_IRQHandler           
00002aa7  DebugMon_Handler              
00002aa7  Default_Handler               
00002aa7  EUSCIA0_IRQHandler            
00002aa7  EUSCIA1_IRQHandler            
00002aa7  EUSCIA2_IRQHandler            
00002aa7  EUSCIA3_IRQHandler            
00002aa7  EUSCIB0_IRQHandler            
00002aa7  EUSCIB1_IRQHandler            
00002aa7  EUSCIB2_IRQHandler            
00002aa7  EUSCIB3_IRQHandler            
00002aa7  FLCTL_IRQHandler              
00002aa7  FPU_IRQHandler                
00002aa7  HardFault_Handler             
00002aa7  MemManage_Handler             
00002aa7  NMI_Handler                   
00002aa7  PCM_IRQHandler                
00002aa7  PORT1_IRQHandler              
00002aa7  PORT2_IRQHandler              
00002aa7  PORT3_IRQHandler              
00002aa7  PORT4_IRQHandler              
00002aa7  PORT5_IRQHandler              
00002aa7  PORT6_IRQHandler              
00002aa7  PSS_IRQHandler                
00002aa7  PendSV_Handler                
00002aa7  RTC_C_IRQHandler              
00002a9b  Reset_Handler                 
20000400  SAMPLE_RATE                   
00002aa7  SVC_Handler                   
00002aa7  SysTick_Handler               
2000043c  SystemCoreClock               
00001401  SystemCoreClockUpdate         
00001679  SystemInit                    
00002aa7  T32_INT1_IRQHandler           
00002aa7  T32_INT2_IRQHandler           
00002aa7  T32_INTC_IRQHandler           
000008cd  TA0_0_IRQHandler              
000008cd  TA0_0_IRQHandler              
00000913  TA0_N_IRQHandler              
00000913  TA0_N_IRQHandler              
00002aa7  TA1_0_IRQHandler              
00002aa7  TA1_N_IRQHandler              
00002aa7  TA2_0_IRQHandler              
00002aa7  TA2_N_IRQHandler              
00002aa7  TA3_0_IRQHandler              
00002aa7  TA3_N_IRQHandler              
00002aa7  UsageFault_Handler            
4000480c  WDTCTL_SYM                    
00002aa7  WDT_A_IRQHandler              
20010000  __STACK_END                   
00000200  __STACK_SIZE                  
00000400  __SYSMEM_SIZE                 
00002c60  __TI_CINIT_Base               
00002c70  __TI_CINIT_Limit              
00002c48  __TI_Handler_Table_Base       
00002c54  __TI_Handler_Table_Limit      
0000293d  __TI_auto_init_nobinit_nopinit
0000288b  __TI_decompress_lzss          
00002a8d  __TI_decompress_none          
ffffffff  __TI_pprof_out_hndl           
ffffffff  __TI_prof_data_size           
ffffffff  __TI_prof_data_start          
00000000  __TI_static_base__            
00002a7b  __TI_zero_init_nomemset       
00002615  __aeabi_cdcmpeq               
00002615  __aeabi_cdcmple               
0000269b  __aeabi_cdrcmple              
0000281d  __aeabi_d2f                   
000028f3  __aeabi_d2iz                  
0000173f  __aeabi_dadd                  
00001d7d  __aeabi_ddiv                  
000020d1  __aeabi_dmul                  
00001735  __aeabi_dsub                  
00002aa9  __aeabi_errno_addr            
00002981  __aeabi_f2d                   
000029ed  __aeabi_i2d                   
00002579  __aeabi_memcpy                
00002579  __aeabi_memcpy4               
00002579  __aeabi_memcpy8               
ffffffff  __binit__                     
ffffffff  __c_args__                    
00001c11  __kernel_cos                  
000000e5  __kernel_rem_pio2             
00001a9d  __kernel_sin                  
UNDEFED   __mpu_init                    
2000fe00  __stack                       
000029b9  _c_int00_noargs               
20000428  _lock                         
000018eb  _nop                          
20000000  _sys_memory                   
UNDEFED   _system_post_cinit            
00002ab9  _system_pre_init              
2000042c  _unlock                       
00002abd  abort                         
000022c5  aligned_alloc                 
ffffffff  binit                         
00001fc5  check_key_pressed             
00002a61  copysign                      
00002a61  copysignl                     
00001a65  delay_ms                      
0000195b  delay_us                      
2000041c  duty_cycle                    
20000438  errno                         
2000041a  factor                        
000021cd  floor                         
000021cd  floorl                        
000023b9  free                          
00002781  freeArray                     
00002721  initArray                     
0000081d  init_SPI                      
000009a3  init_keypad                   
0000095f  init_timers                   
00002741  insertArray                   
00000000  interruptVectors              
00001eb5  ldexp                         
00001eb5  ldexpl                        
2000044c  length                        
20000440  lookupTable                   
00000bfd  main                          
00002ab1  malloc                        
000022c5  memalign                      
00002579  memcpy                        
000024a1  realloc                       
00000a2d  recalculateLookup             
20000414  sampleRate_100Hz              
20000410  sampleRate_200Hz              
2000040c  sampleRate_300Hz              
20000408  sampleRate_400Hz              
20000404  sampleRate_500Hz              
20000420  sampleRate_Iterator           
00001eb5  scalbn                        
00001eb5  scalbnl                       
000018ed  set_DCO                       
00000869  set_voltage                   
00000e3d  sin                           
00000e3d  sinl                          
20000418  voltage                       
20000424  wave                          


GLOBAL SYMBOLS: SORTED BY Symbol Address 

address   name                          
-------   ----                          
00000000  __TI_static_base__            
00000000  interruptVectors              
000000e5  __kernel_rem_pio2             
00000200  __STACK_SIZE                  
00000400  __SYSMEM_SIZE                 
0000081d  init_SPI                      
00000869  set_voltage                   
000008cd  TA0_0_IRQHandler              
000008cd  TA0_0_IRQHandler              
00000913  TA0_N_IRQHandler              
00000913  TA0_N_IRQHandler              
0000095f  init_timers                   
000009a3  init_keypad                   
00000a2d  recalculateLookup             
00000bfd  main                          
00000e3d  sin                           
00000e3d  sinl                          
00001401  SystemCoreClockUpdate         
00001679  SystemInit                    
00001735  __aeabi_dsub                  
0000173f  __aeabi_dadd                  
000018eb  _nop                          
000018ed  set_DCO                       
0000195b  delay_us                      
00001a65  delay_ms                      
00001a9d  __kernel_sin                  
00001c11  __kernel_cos                  
00001d7d  __aeabi_ddiv                  
00001eb5  ldexp                         
00001eb5  ldexpl                        
00001eb5  scalbn                        
00001eb5  scalbnl                       
00001fc5  check_key_pressed             
000020d1  __aeabi_dmul                  
000021cd  floor                         
000021cd  floorl                        
000022c5  aligned_alloc                 
000022c5  memalign                      
000023b9  free                          
000024a1  realloc                       
00002579  __aeabi_memcpy                
00002579  __aeabi_memcpy4               
00002579  __aeabi_memcpy8               
00002579  memcpy                        
00002615  __aeabi_cdcmpeq               
00002615  __aeabi_cdcmple               
0000269b  __aeabi_cdrcmple              
00002721  initArray                     
00002741  insertArray                   
00002781  freeArray                     
0000281d  __aeabi_d2f                   
0000288b  __TI_decompress_lzss          
000028f3  __aeabi_d2iz                  
0000293d  __TI_auto_init_nobinit_nopinit
00002981  __aeabi_f2d                   
000029b9  _c_int00_noargs               
000029ed  __aeabi_i2d                   
00002a61  copysign                      
00002a61  copysignl                     
00002a7b  __TI_zero_init_nomemset       
00002a8d  __TI_decompress_none          
00002a9b  Reset_Handler                 
00002aa7  ADC14_IRQHandler              
00002aa7  AES256_IRQHandler             
00002aa7  BusFault_Handler              
00002aa7  COMP_E0_IRQHandler            
00002aa7  COMP_E1_IRQHandler            
00002aa7  CS_IRQHandler                 
00002aa7  DMA_ERR_IRQHandler            
00002aa7  DMA_INT0_IRQHandler           
00002aa7  DMA_INT1_IRQHandler           
00002aa7  DMA_INT2_IRQHandler           
00002aa7  DMA_INT3_IRQHandler           
00002aa7  DebugMon_Handler              
00002aa7  Default_Handler               
00002aa7  EUSCIA0_IRQHandler            
00002aa7  EUSCIA1_IRQHandler            
00002aa7  EUSCIA2_IRQHandler            
00002aa7  EUSCIA3_IRQHandler            
00002aa7  EUSCIB0_IRQHandler            
00002aa7  EUSCIB1_IRQHandler            
00002aa7  EUSCIB2_IRQHandler            
00002aa7  EUSCIB3_IRQHandler            
00002aa7  FLCTL_IRQHandler              
00002aa7  FPU_IRQHandler                
00002aa7  HardFault_Handler             
00002aa7  MemManage_Handler             
00002aa7  NMI_Handler                   
00002aa7  PCM_IRQHandler                
00002aa7  PORT1_IRQHandler              
00002aa7  PORT2_IRQHandler              
00002aa7  PORT3_IRQHandler              
00002aa7  PORT4_IRQHandler              
00002aa7  PORT5_IRQHandler              
00002aa7  PORT6_IRQHandler              
00002aa7  PSS_IRQHandler                
00002aa7  PendSV_Handler                
00002aa7  RTC_C_IRQHandler              
00002aa7  SVC_Handler                   
00002aa7  SysTick_Handler               
00002aa7  T32_INT1_IRQHandler           
00002aa7  T32_INT2_IRQHandler           
00002aa7  T32_INTC_IRQHandler           
00002aa7  TA1_0_IRQHandler              
00002aa7  TA1_N_IRQHandler              
00002aa7  TA2_0_IRQHandler              
00002aa7  TA2_N_IRQHandler              
00002aa7  TA3_0_IRQHandler              
00002aa7  TA3_N_IRQHandler              
00002aa7  UsageFault_Handler            
00002aa7  WDT_A_IRQHandler              
00002aa9  __aeabi_errno_addr            
00002ab1  malloc                        
00002ab9  _system_pre_init              
00002abd  C$$EXIT                       
00002abd  abort                         
00002c48  __TI_Handler_Table_Base       
00002c54  __TI_Handler_Table_Limit      
00002c60  __TI_CINIT_Base               
00002c70  __TI_CINIT_Limit              
20000000  _sys_memory                   
20000400  SAMPLE_RATE                   
20000404  sampleRate_500Hz              
20000408  sampleRate_400Hz              
2000040c  sampleRate_300Hz              
20000410  sampleRate_200Hz              
20000414  sampleRate_100Hz              
20000418  voltage                       
2000041a  factor                        
2000041c  duty_cycle                    
20000420  sampleRate_Iterator           
20000424  wave                          
20000428  _lock                         
2000042c  _unlock                       
20000438  errno                         
2000043c  SystemCoreClock               
20000440  lookupTable                   
2000044c  length                        
2000fe00  __stack                       
20010000  __STACK_END                   
4000480c  WDTCTL_SYM                    
ffffffff  __TI_pprof_out_hndl           
ffffffff  __TI_prof_data_size           
ffffffff  __TI_prof_data_start          
ffffffff  __binit__                     
ffffffff  __c_args__                    
ffffffff  binit                         
UNDEFED   __mpu_init                    
UNDEFED   _system_post_cinit            

[149 symbols]
