******************************************************************************
                  TI ARM Linker PC v18.12.1                    
******************************************************************************
>> Linked Mon May  6 09:27:22 2019

OUTPUT FILE NAME:   <CPE329_P2_FunctionGenerator.out>
ENTRY POINT SYMBOL: "_c_int00_noargs"  address: 00000eed


MEMORY CONFIGURATION

         name            origin    length      used     unused   attr    fill
----------------------  --------  ---------  --------  --------  ----  --------
  MAIN                  00000000   00040000  00000f70  0003f090  R  X
  INFO                  00200000   00004000  00000000  00004000  R  X
  SRAM_CODE             01000000   00010000  00000218  0000fde8  RW X
  SRAM_DATA             20000000   00010000  00000218  0000fde8  RW  


SEGMENT ALLOCATION MAP

run origin  load origin   length   init length attrs members
----------  ----------- ---------- ----------- ----- -------
00000000    00000000    00000f74   00000f74    r-x
  00000000    00000000    000000e4   000000e4    r-- .intvecs
  000000e4    000000e4    00000e60   00000e60    r-x .text
  00000f48    00000f48    0000002c   0000002c    r-- .cinit
20000000    20000000    00000018   00000000    rw-
  20000000    20000000    00000018   00000000    rw- .data
2000fe00    2000fe00    00000200   00000000    rw-
  2000fe00    2000fe00    00000200   00000000    rw- .stack


SECTION ALLOCATION MAP

 output                                  attributes/
section   page    origin      length       input sections
--------  ----  ----------  ----------   ----------------
.intvecs   0    00000000    000000e4     
                  00000000    000000e4     startup_msp432p401r_ccs.obj (.intvecs:retain)

.text      0    000000e4    00000e60     
                  000000e4    00000470     main.obj (.text)
                  00000554    00000334     system_msp432p401r.obj (.text)
                  00000888    000001b6     rtsv7M4_T_le_v4SPD16_eabi.lib : fd_add_t2.asm.obj (.text)
                  00000a3e    00000002     --HOLE-- [fill = 0]
                  00000a40    000001b0     delay.obj (.text)
                  00000bf0    0000010c     keypad.obj (.text)
                  00000cfc    0000009c     rtsv7M4_T_le_v4SPD16_eabi.lib : memcpy_t2.asm.obj (.text)
                  00000d98    0000006e                                   : fd_tos_t2.asm.obj (.text)
                  00000e06    00000068                                   : copy_decompress_lzss.c.obj (.text:decompress:lzss:__TI_decompress_lzss)
                  00000e6e    00000002     --HOLE-- [fill = 0]
                  00000e70    00000044                                   : autoinit.c.obj (.text:__TI_auto_init_nobinit_nopinit:__TI_auto_init_nobinit_nopinit)
                  00000eb4    00000038                                   : fs_tod_t2.asm.obj (.text)
                  00000eec    00000034                                   : boot_cortex_m.c.obj (.text:_c_int00_noargs:_c_int00_noargs)
                  00000f20    0000000e                                   : copy_decompress_none.c.obj (.text:decompress:none:__TI_decompress_none)
                  00000f2e    0000000e     startup_msp432p401r_ccs.obj (.text)
                  00000f3c    00000004     rtsv7M4_T_le_v4SPD16_eabi.lib : pre_init.c.obj (.text:_system_pre_init)
                  00000f40    00000004                                   : exit.c.obj (.text:abort:abort)

.cinit     0    00000f48    0000002c     
                  00000f48    00000019     (.cinit..data.load) [load image, compression = lzss]
                  00000f61    00000003     --HOLE-- [fill = 0]
                  00000f64    00000008     (__TI_handler_table)
                  00000f6c    00000008     (__TI_cinit_table)

.init_array 
*          0    00000000    00000000     UNINITIALIZED

.binit     0    00000000    00000000     

.data      0    20000000    00000018     UNINITIALIZED
                  20000000    00000011     main.obj (.data)
                  20000011    00000003     --HOLE--
                  20000014    00000004     system_msp432p401r.obj (.data)

.stack     0    2000fe00    00000200     UNINITIALIZED
                  2000fe00    00000004     rtsv7M4_T_le_v4SPD16_eabi.lib : boot_cortex_m.c.obj (.stack)
                  2000fe04    000001fc     --HOLE--

MODULE SUMMARY

       Module                        code   ro data   rw data
       ------                        ----   -------   -------
    .\
       main.obj                      1136   0         34     
       system_msp432p401r.obj        820    0         8      
       delay.obj                     432    0         0      
       keypad.obj                    268    0         0      
       startup_msp432p401r_ccs.obj   14     228       0      
    +--+-----------------------------+------+---------+---------+
       Total:                        2670   228       42     
                                                             
    C:\ti\ccs900\ccs\tools\compiler\ti-cgt-arm_18.12.1.LTS\lib\rtsv7M4_T_le_v4SPD16_eabi.lib
       fd_add_t2.asm.obj             438    0         0      
       memcpy_t2.asm.obj             156    0         0      
       fd_tos_t2.asm.obj             110    0         0      
       copy_decompress_lzss.c.obj    104    0         0      
       autoinit.c.obj                68     0         0      
       fs_tod_t2.asm.obj             56     0         0      
       boot_cortex_m.c.obj           52     0         0      
       copy_decompress_none.c.obj    14     0         0      
       exit.c.obj                    4      0         0      
       pre_init.c.obj                4      0         0      
    +--+-----------------------------+------+---------+---------+
       Total:                        1006   0         0      
                                                             
       Stack:                        0      0         1024   
       Linker Generated:             0      41        0      
    +--+-----------------------------+------+---------+---------+
       Grand Total:                  3676   269       1066   


LINKER GENERATED COPY TABLES

__TI_cinit_table @ 00000f6c records: 1, size/record: 8, table size: 8
	.data: load addr=00000f48, load size=00000019 bytes, run addr=20000000, run size=00000018 bytes, compression=lzss


LINKER GENERATED HANDLER TABLE

__TI_handler_table @ 00000f64 records: 2, size/record: 4, table size: 8
	index: 0, handler: __TI_decompress_lzss
	index: 1, handler: __TI_decompress_none


GLOBAL SYMBOLS: SORTED ALPHABETICALLY BY Name 

address   name                          
-------   ----                          
00000f3b  ADC14_IRQHandler              
00000f3b  AES256_IRQHandler             
00000f3b  BusFault_Handler              
00000f41  C$$EXIT                       
00000f3b  COMP_E0_IRQHandler            
00000f3b  COMP_E1_IRQHandler            
00000f3b  CS_IRQHandler                 
00000f3b  DMA_ERR_IRQHandler            
00000f3b  DMA_INT0_IRQHandler           
00000f3b  DMA_INT1_IRQHandler           
00000f3b  DMA_INT2_IRQHandler           
00000f3b  DMA_INT3_IRQHandler           
00000f3b  DebugMon_Handler              
00000f3b  Default_Handler               
00000f3b  EUSCIA0_IRQHandler            
00000f3b  EUSCIA1_IRQHandler            
00000f3b  EUSCIA2_IRQHandler            
00000f3b  EUSCIA3_IRQHandler            
00000f3b  EUSCIB0_IRQHandler            
00000f3b  EUSCIB1_IRQHandler            
00000f3b  EUSCIB2_IRQHandler            
00000f3b  EUSCIB3_IRQHandler            
00000f3b  FLCTL_IRQHandler              
00000f3b  FPU_IRQHandler                
00000f3b  HardFault_Handler             
00000f3b  MemManage_Handler             
00000f3b  NMI_Handler                   
00000f3b  PCM_IRQHandler                
00000f3b  PORT1_IRQHandler              
00000f3b  PORT2_IRQHandler              
00000f3b  PORT3_IRQHandler              
00000f3b  PORT4_IRQHandler              
00000f3b  PORT5_IRQHandler              
00000f3b  PORT6_IRQHandler              
00000f3b  PSS_IRQHandler                
00000f3b  PendSV_Handler                
00000f3b  RTC_C_IRQHandler              
00000f2f  Reset_Handler                 
00000f3b  SVC_Handler                   
00000f3b  SysTick_Handler               
20000014  SystemCoreClock               
00000555  SystemCoreClockUpdate         
000007cd  SystemInit                    
00000f3b  T32_INT1_IRQHandler           
00000f3b  T32_INT2_IRQHandler           
00000f3b  T32_INTC_IRQHandler           
00000195  TA0_0_IRQHandler              
00000195  TA0_0_IRQHandler              
000001dd  TA0_N_IRQHandler              
000001dd  TA0_N_IRQHandler              
00000f3b  TA1_0_IRQHandler              
00000f3b  TA1_N_IRQHandler              
00000f3b  TA2_0_IRQHandler              
00000f3b  TA2_N_IRQHandler              
00000f3b  TA3_0_IRQHandler              
00000f3b  TA3_N_IRQHandler              
00000f3b  UsageFault_Handler            
4000480c  WDTCTL_SYM                    
00000f3b  WDT_A_IRQHandler              
20010000  __STACK_END                   
00000200  __STACK_SIZE                  
00000f6c  __TI_CINIT_Base               
00000f74  __TI_CINIT_Limit              
00000f64  __TI_Handler_Table_Base       
00000f6c  __TI_Handler_Table_Limit      
00000e71  __TI_auto_init_nobinit_nopinit
00000e07  __TI_decompress_lzss          
00000f21  __TI_decompress_none          
ffffffff  __TI_pprof_out_hndl           
ffffffff  __TI_prof_data_size           
ffffffff  __TI_prof_data_start          
00000000  __TI_static_base__            
00000d99  __aeabi_d2f                   
00000893  __aeabi_dadd                  
00000889  __aeabi_dsub                  
00000eb5  __aeabi_f2d                   
00000cfd  __aeabi_memcpy                
00000cfd  __aeabi_memcpy4               
00000cfd  __aeabi_memcpy8               
ffffffff  __binit__                     
ffffffff  __c_args__                    
UNDEFED   __mpu_init                    
2000fe00  __stack                       
00000eed  _c_int00_noargs               
UNDEFED   _system_post_cinit            
00000f3d  _system_pre_init              
00000f41  abort                         
0000023d  approximate_sine              
ffffffff  binit                         
00000bf1  check_key_pressed             
00000bb9  delay_ms                      
00000aaf  delay_us                      
20000008  duty_cycle                    
20000002  factor                        
000000e5  init_SPI                      
0000032f  init_keypad                   
000002ef  init_timers                   
00000000  interruptVectors              
20000004  length                        
000003a9  main                          
00000cfd  memcpy                        
00000a41  set_DCO                       
000002dd  set_sawtooth                  
000002cb  set_sine                      
2000000c  set_sine_wave                 
000002b1  set_square                    
00000131  set_voltage                   
20000000  voltage                       
20000010  wave                          


GLOBAL SYMBOLS: SORTED BY Symbol Address 

address   name                          
-------   ----                          
00000000  __TI_static_base__            
00000000  interruptVectors              
000000e5  init_SPI                      
00000131  set_voltage                   
00000195  TA0_0_IRQHandler              
00000195  TA0_0_IRQHandler              
000001dd  TA0_N_IRQHandler              
000001dd  TA0_N_IRQHandler              
00000200  __STACK_SIZE                  
0000023d  approximate_sine              
000002b1  set_square                    
000002cb  set_sine                      
000002dd  set_sawtooth                  
000002ef  init_timers                   
0000032f  init_keypad                   
000003a9  main                          
00000555  SystemCoreClockUpdate         
000007cd  SystemInit                    
00000889  __aeabi_dsub                  
00000893  __aeabi_dadd                  
00000a41  set_DCO                       
00000aaf  delay_us                      
00000bb9  delay_ms                      
00000bf1  check_key_pressed             
00000cfd  __aeabi_memcpy                
00000cfd  __aeabi_memcpy4               
00000cfd  __aeabi_memcpy8               
00000cfd  memcpy                        
00000d99  __aeabi_d2f                   
00000e07  __TI_decompress_lzss          
00000e71  __TI_auto_init_nobinit_nopinit
00000eb5  __aeabi_f2d                   
00000eed  _c_int00_noargs               
00000f21  __TI_decompress_none          
00000f2f  Reset_Handler                 
00000f3b  ADC14_IRQHandler              
00000f3b  AES256_IRQHandler             
00000f3b  BusFault_Handler              
00000f3b  COMP_E0_IRQHandler            
00000f3b  COMP_E1_IRQHandler            
00000f3b  CS_IRQHandler                 
00000f3b  DMA_ERR_IRQHandler            
00000f3b  DMA_INT0_IRQHandler           
00000f3b  DMA_INT1_IRQHandler           
00000f3b  DMA_INT2_IRQHandler           
00000f3b  DMA_INT3_IRQHandler           
00000f3b  DebugMon_Handler              
00000f3b  Default_Handler               
00000f3b  EUSCIA0_IRQHandler            
00000f3b  EUSCIA1_IRQHandler            
00000f3b  EUSCIA2_IRQHandler            
00000f3b  EUSCIA3_IRQHandler            
00000f3b  EUSCIB0_IRQHandler            
00000f3b  EUSCIB1_IRQHandler            
00000f3b  EUSCIB2_IRQHandler            
00000f3b  EUSCIB3_IRQHandler            
00000f3b  FLCTL_IRQHandler              
00000f3b  FPU_IRQHandler                
00000f3b  HardFault_Handler             
00000f3b  MemManage_Handler             
00000f3b  NMI_Handler                   
00000f3b  PCM_IRQHandler                
00000f3b  PORT1_IRQHandler              
00000f3b  PORT2_IRQHandler              
00000f3b  PORT3_IRQHandler              
00000f3b  PORT4_IRQHandler              
00000f3b  PORT5_IRQHandler              
00000f3b  PORT6_IRQHandler              
00000f3b  PSS_IRQHandler                
00000f3b  PendSV_Handler                
00000f3b  RTC_C_IRQHandler              
00000f3b  SVC_Handler                   
00000f3b  SysTick_Handler               
00000f3b  T32_INT1_IRQHandler           
00000f3b  T32_INT2_IRQHandler           
00000f3b  T32_INTC_IRQHandler           
00000f3b  TA1_0_IRQHandler              
00000f3b  TA1_N_IRQHandler              
00000f3b  TA2_0_IRQHandler              
00000f3b  TA2_N_IRQHandler              
00000f3b  TA3_0_IRQHandler              
00000f3b  TA3_N_IRQHandler              
00000f3b  UsageFault_Handler            
00000f3b  WDT_A_IRQHandler              
00000f3d  _system_pre_init              
00000f41  C$$EXIT                       
00000f41  abort                         
00000f64  __TI_Handler_Table_Base       
00000f6c  __TI_CINIT_Base               
00000f6c  __TI_Handler_Table_Limit      
00000f74  __TI_CINIT_Limit              
20000000  voltage                       
20000002  factor                        
20000004  length                        
20000008  duty_cycle                    
2000000c  set_sine_wave                 
20000010  wave                          
20000014  SystemCoreClock               
2000fe00  __stack                       
20010000  __STACK_END                   
4000480c  WDTCTL_SYM                    
ffffffff  __TI_pprof_out_hndl           
ffffffff  __TI_prof_data_size           
ffffffff  __TI_prof_data_start          
ffffffff  __binit__                     
ffffffff  __c_args__                    
ffffffff  binit                         
UNDEFED   __mpu_init                    
UNDEFED   _system_post_cinit            

[109 symbols]
