******************************************************************************
                  TI ARM Linker PC v18.12.1                    
******************************************************************************
>> Linked Wed May  8 23:05:47 2019

OUTPUT FILE NAME:   <CPE329_P2_FunctionGenerator.out>
ENTRY POINT SYMBOL: "_c_int00_noargs"  address: 000028e5


MEMORY CONFIGURATION

         name            origin    length      used     unused   attr    fill
----------------------  --------  ---------  --------  --------  ----  --------
  MAIN                  00000000   00040000  00002b9c  0003d464  R  X
  INFO                  00200000   00004000  00000000  00004000  R  X
  SRAM_CODE             01000000   00010000  00000650  0000f9b0  RW X
  SRAM_DATA             20000000   00010000  00000650  0000f9b0  RW  


SEGMENT ALLOCATION MAP

run origin  load origin   length   init length attrs members
----------  ----------- ---------- ----------- ----- -------
00000000    00000000    00002ba0   00002ba0    r-x
  00000000    00000000    000000e4   000000e4    r-- .intvecs
  000000e4    000000e4    00002908   00002908    r-x .text
  000029f0    000029f0    00000158   00000158    r-- .const
  00002b48    00002b48    00000058   00000058    r-- .cinit
20000000    20000000    00000450   00000000    rw-
  20000000    20000000    00000400   00000000    rw- .sysmem
  20000400    20000400    00000040   00000000    rw- .data
  20000440    20000440    00000010   00000000    rw- .bss
2000fe00    2000fe00    00000200   00000000    rw-
  2000fe00    2000fe00    00000200   00000000    rw- .stack


SECTION ALLOCATION MAP

 output                                  attributes/
section   page    origin      length       input sections
--------  ----  ----------  ----------   ----------------
.intvecs   0    00000000    000000e4     
                  00000000    000000e4     startup_msp432p401r_ccs.obj (.intvecs:retain)

.text      0    000000e4    00002908     
                  000000e4    00000738     rtsv7M4_T_le_v4SPD16_eabi.lib : k_rem_pio2.c.obj (.text:__kernel_rem_pio2)
                  0000081c    000005c4                                   : s_sin.c.obj (.text:sin)
                  00000de0    0000054c     main.obj (.text)
                  0000132c    00000334     system_msp432p401r.obj (.text)
                  00001660    000001b6     rtsv7M4_T_le_v4SPD16_eabi.lib : fd_add_t2.asm.obj (.text)
                  00001816    00000002                                   : _lock.c.obj (.text:_nop)
                  00001818    000001b0     delay.obj (.text)
                  000019c8    00000174     rtsv7M4_T_le_v4SPD16_eabi.lib : k_sin.c.obj (.text:__kernel_sin)
                  00001b3c    0000016c                                   : k_cos.c.obj (.text:__kernel_cos)
                  00001ca8    00000136                                   : fd_div_t2.asm.obj (.text)
                  00001dde    00000002     --HOLE-- [fill = 0]
                  00001de0    00000110                                   : s_scalbn.c.obj (.text:scalbn)
                  00001ef0    0000010c     keypad.obj (.text)
                  00001ffc    000000fc     rtsv7M4_T_le_v4SPD16_eabi.lib : fd_mul_t2.asm.obj (.text)
                  000020f8    000000f8                                   : s_floor.c.obj (.text:floor)
                  000021f0    000000f4                                   : memory.c.obj (.text:aligned_alloc)
                  000022e4    000000e8                                   : memory.c.obj (.text:free)
                  000023cc    000000d8                                   : memory.c.obj (.text:realloc)
                  000024a4    0000009c                                   : memcpy_t2.asm.obj (.text)
                  00002540    00000086                                   : fd_cmp_t2.asm.obj (.text:__aeabi_cdcmple)
                  000025c6    00000086                                   : fd_cmp_t2.asm.obj (.text:__aeabi_cdrcmple)
                  0000264c    0000007e     dynamicArray.obj (.text)
                  000026ca    00000002     --HOLE-- [fill = 0]
                  000026cc    0000007c     rtsv7M4_T_le_v4SPD16_eabi.lib : memory.c.obj (.text:split)
                  00002748    0000006e                                   : fd_tos_t2.asm.obj (.text)
                  000027b6    00000068                                   : copy_decompress_lzss.c.obj (.text:decompress:lzss:__TI_decompress_lzss)
                  0000281e    00000048                                   : fd_toi_t2.asm.obj (.text)
                  00002866    00000002     --HOLE-- [fill = 0]
                  00002868    00000044                                   : autoinit.c.obj (.text:__TI_auto_init_nobinit_nopinit:__TI_auto_init_nobinit_nopinit)
                  000028ac    00000038                                   : fs_tod_t2.asm.obj (.text)
                  000028e4    00000034                                   : boot_cortex_m.c.obj (.text:_c_int00_noargs:_c_int00_noargs)
                  00002918    0000002e                                   : i_tofd_t2.asm.obj (.text)
                  00002946    00000002     --HOLE-- [fill = 0]
                  00002948    00000028                                   : memory.c.obj (.text:free_list_insert)
                  00002970    0000001c                                   : memory.c.obj (.text:free_list_remove)
                  0000298c    0000001a                                   : s_copysign.c.obj (.text:copysign)
                  000029a6    00000012                                   : copy_zero_init.c.obj (.text:decompress:ZI:__TI_zero_init_nomemset:__TI_zero_init_nomemset)
                  000029b8    0000000e                                   : copy_decompress_none.c.obj (.text:decompress:none:__TI_decompress_none)
                  000029c6    0000000e     startup_msp432p401r_ccs.obj (.text)
                  000029d4    00000008     rtsv7M4_T_le_v4SPD16_eabi.lib : errno.c.obj (.text:__aeabi_errno_addr)
                  000029dc    00000008                                   : memory.c.obj (.text:malloc)
                  000029e4    00000004                                   : pre_init.c.obj (.text:_system_pre_init)
                  000029e8    00000004                                   : exit.c.obj (.text:abort:abort)

.const     0    000029f0    00000158     
                  000029f0    00000158     rtsv7M4_T_le_v4SPD16_eabi.lib : k_rem_pio2.c.obj (.const:$O1$$)

.cinit     0    00002b48    00000058     
                  00002b48    00000031     (.cinit..data.load) [load image, compression = lzss]
                  00002b79    00000003     --HOLE-- [fill = 0]
                  00002b7c    0000000c     (__TI_handler_table)
                  00002b88    00000008     (.cinit..bss.load) [load image, compression = zero_init]
                  00002b90    00000010     (__TI_cinit_table)

.init_array 
*          0    00000000    00000000     UNINITIALIZED

.binit     0    00000000    00000000     

.sysmem    0    20000000    00000400     UNINITIALIZED
                  20000000    00000010     rtsv7M4_T_le_v4SPD16_eabi.lib : memory.c.obj (.sysmem)
                  20000010    000003f0     --HOLE--

.data      0    20000400    00000040     UNINITIALIZED
                  20000400    00000025     main.obj (.data)
                  20000425    00000003     --HOLE--
                  20000428    00000008     rtsv7M4_T_le_v4SPD16_eabi.lib : _lock.c.obj (.data:$O1$$)
                  20000430    00000008                                   : memory.c.obj (.data:$O1$$)
                  20000438    00000004                                   : errno.c.obj (.data)
                  2000043c    00000004     system_msp432p401r.obj (.data)

.bss       0    20000440    00000010     UNINITIALIZED
                  20000440    0000000c     (.common:lookupTable)
                  2000044c    00000004     (.common:length)

.stack     0    2000fe00    00000200     UNINITIALIZED
                  2000fe00    00000004     rtsv7M4_T_le_v4SPD16_eabi.lib : boot_cortex_m.c.obj (.stack)
                  2000fe04    000001fc     --HOLE--

MODULE SUMMARY

       Module                        code    ro data   rw data
       ------                        ----    -------   -------
    .\
       main.obj                      1356    0         106    
       system_msp432p401r.obj        820     0         8      
       delay.obj                     432     0         0      
       keypad.obj                    268     0         0      
       startup_msp432p401r_ccs.obj   14      228       0      
       dynamicArray.obj              126     0         0      
    +--+-----------------------------+-------+---------+---------+
       Total:                        3016    228       114    
                                                              
    C:\ti\ccs900\ccs\tools\compiler\ti-cgt-arm_18.12.1.LTS\lib\rtsv7M4_T_le_v4SPD16_eabi.lib
       k_rem_pio2.c.obj              1848    344       0      
       s_sin.c.obj                   1476    0         0      
       memory.c.obj                  892     0         16     
       fd_add_t2.asm.obj             438     0         0      
       k_sin.c.obj                   372     0         0      
       k_cos.c.obj                   364     0         0      
       fd_div_t2.asm.obj             310     0         0      
       s_scalbn.c.obj                272     0         0      
       fd_cmp_t2.asm.obj             268     0         0      
       fd_mul_t2.asm.obj             252     0         0      
       s_floor.c.obj                 248     0         0      
       memcpy_t2.asm.obj             156     0         0      
       fd_tos_t2.asm.obj             110     0         0      
       copy_decompress_lzss.c.obj    104     0         0      
       fd_toi_t2.asm.obj             72      0         0      
       autoinit.c.obj                68      0         0      
       fs_tod_t2.asm.obj             56      0         0      
       boot_cortex_m.c.obj           52      0         0      
       i_tofd_t2.asm.obj             46      0         0      
       s_copysign.c.obj              26      0         0      
       _lock.c.obj                   2       0         16     
       copy_zero_init.c.obj          18      0         0      
       errno.c.obj                   8       0         8      
       copy_decompress_none.c.obj    14      0         0      
       exit.c.obj                    4       0         0      
       pre_init.c.obj                4       0         0      
    +--+-----------------------------+-------+---------+---------+
       Total:                        7480    344       40     
                                                              
       Heap:                         0       0         2048   
       Stack:                        0       0         1024   
       Linker Generated:             0       85        0      
    +--+-----------------------------+-------+---------+---------+
       Grand Total:                  10496   657       3226   


LINKER GENERATED COPY TABLES

__TI_cinit_table @ 00002b90 records: 2, size/record: 8, table size: 16
	.data: load addr=00002b48, load size=00000031 bytes, run addr=20000400, run size=00000040 bytes, compression=lzss
	.bss: load addr=00002b88, load size=00000008 bytes, run addr=20000440, run size=00000010 bytes, compression=zero_init


LINKER GENERATED HANDLER TABLE

__TI_handler_table @ 00002b7c records: 3, size/record: 4, table size: 12
	index: 0, handler: __TI_decompress_lzss
	index: 1, handler: __TI_decompress_none
	index: 2, handler: __TI_zero_init


GLOBAL SYMBOLS: SORTED ALPHABETICALLY BY Name 

address   name                          
-------   ----                          
000029d3  ADC14_IRQHandler              
000029d3  AES256_IRQHandler             
000029d3  BusFault_Handler              
000029e9  C$$EXIT                       
000029d3  COMP_E0_IRQHandler            
000029d3  COMP_E1_IRQHandler            
000029d3  CS_IRQHandler                 
000029d3  DMA_ERR_IRQHandler            
000029d3  DMA_INT0_IRQHandler           
000029d3  DMA_INT1_IRQHandler           
000029d3  DMA_INT2_IRQHandler           
000029d3  DMA_INT3_IRQHandler           
000029d3  DebugMon_Handler              
000029d3  Default_Handler               
000029d3  EUSCIA0_IRQHandler            
000029d3  EUSCIA1_IRQHandler            
000029d3  EUSCIA2_IRQHandler            
000029d3  EUSCIA3_IRQHandler            
000029d3  EUSCIB0_IRQHandler            
000029d3  EUSCIB1_IRQHandler            
000029d3  EUSCIB2_IRQHandler            
000029d3  EUSCIB3_IRQHandler            
000029d3  FLCTL_IRQHandler              
000029d3  FPU_IRQHandler                
000029d3  HardFault_Handler             
000029d3  MemManage_Handler             
000029d3  NMI_Handler                   
000029d3  PCM_IRQHandler                
000029d3  PORT1_IRQHandler              
000029d3  PORT2_IRQHandler              
000029d3  PORT3_IRQHandler              
000029d3  PORT4_IRQHandler              
000029d3  PORT5_IRQHandler              
000029d3  PORT6_IRQHandler              
000029d3  PSS_IRQHandler                
000029d3  PendSV_Handler                
000029d3  RTC_C_IRQHandler              
000029c7  Reset_Handler                 
20000400  SAMPLE_RATE                   
000029d3  SVC_Handler                   
000029d3  SysTick_Handler               
2000043c  SystemCoreClock               
0000132d  SystemCoreClockUpdate         
000015a5  SystemInit                    
000029d3  T32_INT1_IRQHandler           
000029d3  T32_INT2_IRQHandler           
000029d3  T32_INTC_IRQHandler           
000029d3  TA0_0_IRQHandler              
00000e91  TA0_N_IRQHandler              
00000e91  TA0_N_IRQHandler              
000029d3  TA1_0_IRQHandler              
000029d3  TA1_N_IRQHandler              
000029d3  TA2_0_IRQHandler              
000029d3  TA2_N_IRQHandler              
000029d3  TA3_0_IRQHandler              
000029d3  TA3_N_IRQHandler              
000029d3  UsageFault_Handler            
4000480c  WDTCTL_SYM                    
000029d3  WDT_A_IRQHandler              
20010000  __STACK_END                   
00000200  __STACK_SIZE                  
00000400  __SYSMEM_SIZE                 
00002b90  __TI_CINIT_Base               
00002ba0  __TI_CINIT_Limit              
00002b7c  __TI_Handler_Table_Base       
00002b88  __TI_Handler_Table_Limit      
00002869  __TI_auto_init_nobinit_nopinit
000027b7  __TI_decompress_lzss          
000029b9  __TI_decompress_none          
ffffffff  __TI_pprof_out_hndl           
ffffffff  __TI_prof_data_size           
ffffffff  __TI_prof_data_start          
00000000  __TI_static_base__            
000029a7  __TI_zero_init_nomemset       
00002541  __aeabi_cdcmpeq               
00002541  __aeabi_cdcmple               
000025c7  __aeabi_cdrcmple              
00002749  __aeabi_d2f                   
0000281f  __aeabi_d2iz                  
0000166b  __aeabi_dadd                  
00001ca9  __aeabi_ddiv                  
00001ffd  __aeabi_dmul                  
00001661  __aeabi_dsub                  
000029d5  __aeabi_errno_addr            
000028ad  __aeabi_f2d                   
00002919  __aeabi_i2d                   
000024a5  __aeabi_memcpy                
000024a5  __aeabi_memcpy4               
000024a5  __aeabi_memcpy8               
ffffffff  __binit__                     
ffffffff  __c_args__                    
00001b3d  __kernel_cos                  
000000e5  __kernel_rem_pio2             
000019c9  __kernel_sin                  
UNDEFED   __mpu_init                    
2000fe00  __stack                       
000028e5  _c_int00_noargs               
20000428  _lock                         
00001817  _nop                          
20000000  _sys_memory                   
UNDEFED   _system_post_cinit            
000029e5  _system_pre_init              
2000042c  _unlock                       
000029e9  abort                         
000021f1  aligned_alloc                 
ffffffff  binit                         
00001ef1  check_key_pressed             
0000298d  copysign                      
0000298d  copysignl                     
00001991  delay_ms                      
00001887  delay_us                      
2000041c  duty_cycle                    
20000438  errno                         
000020f9  floor                         
000020f9  floorl                        
000022e5  free                          
000026ad  freeArray                     
0000264d  initArray                     
00000de1  init_SPI                      
00000f07  init_keypad                   
00000edd  init_timers                   
0000266d  insertArray                   
00000000  interruptVectors              
00001de1  ldexp                         
00001de1  ldexpl                        
2000044c  length                        
20000440  lookupTable                   
0000112d  main                          
000029dd  malloc                        
000021f1  memalign                      
000024a5  memcpy                        
000023cd  realloc                       
00000f59  recalculateLookup             
20000414  sampleRate_100Hz              
20000410  sampleRate_200Hz              
2000040c  sampleRate_300Hz              
20000408  sampleRate_400Hz              
20000404  sampleRate_500Hz              
20000420  sampleRate_Iterator           
00001de1  scalbn                        
00001de1  scalbnl                       
00001819  set_DCO                       
00000e2d  set_voltage                   
0000081d  sin                           
0000081d  sinl                          
20000418  voltage                       
20000424  wave                          


GLOBAL SYMBOLS: SORTED BY Symbol Address 

address   name                          
-------   ----                          
00000000  __TI_static_base__            
00000000  interruptVectors              
000000e5  __kernel_rem_pio2             
00000200  __STACK_SIZE                  
00000400  __SYSMEM_SIZE                 
0000081d  sin                           
0000081d  sinl                          
00000de1  init_SPI                      
00000e2d  set_voltage                   
00000e91  TA0_N_IRQHandler              
00000e91  TA0_N_IRQHandler              
00000edd  init_timers                   
00000f07  init_keypad                   
00000f59  recalculateLookup             
0000112d  main                          
0000132d  SystemCoreClockUpdate         
000015a5  SystemInit                    
00001661  __aeabi_dsub                  
0000166b  __aeabi_dadd                  
00001817  _nop                          
00001819  set_DCO                       
00001887  delay_us                      
00001991  delay_ms                      
000019c9  __kernel_sin                  
00001b3d  __kernel_cos                  
00001ca9  __aeabi_ddiv                  
00001de1  ldexp                         
00001de1  ldexpl                        
00001de1  scalbn                        
00001de1  scalbnl                       
00001ef1  check_key_pressed             
00001ffd  __aeabi_dmul                  
000020f9  floor                         
000020f9  floorl                        
000021f1  aligned_alloc                 
000021f1  memalign                      
000022e5  free                          
000023cd  realloc                       
000024a5  __aeabi_memcpy                
000024a5  __aeabi_memcpy4               
000024a5  __aeabi_memcpy8               
000024a5  memcpy                        
00002541  __aeabi_cdcmpeq               
00002541  __aeabi_cdcmple               
000025c7  __aeabi_cdrcmple              
0000264d  initArray                     
0000266d  insertArray                   
000026ad  freeArray                     
00002749  __aeabi_d2f                   
000027b7  __TI_decompress_lzss          
0000281f  __aeabi_d2iz                  
00002869  __TI_auto_init_nobinit_nopinit
000028ad  __aeabi_f2d                   
000028e5  _c_int00_noargs               
00002919  __aeabi_i2d                   
0000298d  copysign                      
0000298d  copysignl                     
000029a7  __TI_zero_init_nomemset       
000029b9  __TI_decompress_none          
000029c7  Reset_Handler                 
000029d3  ADC14_IRQHandler              
000029d3  AES256_IRQHandler             
000029d3  BusFault_Handler              
000029d3  COMP_E0_IRQHandler            
000029d3  COMP_E1_IRQHandler            
000029d3  CS_IRQHandler                 
000029d3  DMA_ERR_IRQHandler            
000029d3  DMA_INT0_IRQHandler           
000029d3  DMA_INT1_IRQHandler           
000029d3  DMA_INT2_IRQHandler           
000029d3  DMA_INT3_IRQHandler           
000029d3  DebugMon_Handler              
000029d3  Default_Handler               
000029d3  EUSCIA0_IRQHandler            
000029d3  EUSCIA1_IRQHandler            
000029d3  EUSCIA2_IRQHandler            
000029d3  EUSCIA3_IRQHandler            
000029d3  EUSCIB0_IRQHandler            
000029d3  EUSCIB1_IRQHandler            
000029d3  EUSCIB2_IRQHandler            
000029d3  EUSCIB3_IRQHandler            
000029d3  FLCTL_IRQHandler              
000029d3  FPU_IRQHandler                
000029d3  HardFault_Handler             
000029d3  MemManage_Handler             
000029d3  NMI_Handler                   
000029d3  PCM_IRQHandler                
000029d3  PORT1_IRQHandler              
000029d3  PORT2_IRQHandler              
000029d3  PORT3_IRQHandler              
000029d3  PORT4_IRQHandler              
000029d3  PORT5_IRQHandler              
000029d3  PORT6_IRQHandler              
000029d3  PSS_IRQHandler                
000029d3  PendSV_Handler                
000029d3  RTC_C_IRQHandler              
000029d3  SVC_Handler                   
000029d3  SysTick_Handler               
000029d3  T32_INT1_IRQHandler           
000029d3  T32_INT2_IRQHandler           
000029d3  T32_INTC_IRQHandler           
000029d3  TA0_0_IRQHandler              
000029d3  TA1_0_IRQHandler              
000029d3  TA1_N_IRQHandler              
000029d3  TA2_0_IRQHandler              
000029d3  TA2_N_IRQHandler              
000029d3  TA3_0_IRQHandler              
000029d3  TA3_N_IRQHandler              
000029d3  UsageFault_Handler            
000029d3  WDT_A_IRQHandler              
000029d5  __aeabi_errno_addr            
000029dd  malloc                        
000029e5  _system_pre_init              
000029e9  C$$EXIT                       
000029e9  abort                         
00002b7c  __TI_Handler_Table_Base       
00002b88  __TI_Handler_Table_Limit      
00002b90  __TI_CINIT_Base               
00002ba0  __TI_CINIT_Limit              
20000000  _sys_memory                   
20000400  SAMPLE_RATE                   
20000404  sampleRate_500Hz              
20000408  sampleRate_400Hz              
2000040c  sampleRate_300Hz              
20000410  sampleRate_200Hz              
20000414  sampleRate_100Hz              
20000418  voltage                       
2000041c  duty_cycle                    
20000420  sampleRate_Iterator           
20000424  wave                          
20000428  _lock                         
2000042c  _unlock                       
20000438  errno                         
2000043c  SystemCoreClock               
20000440  lookupTable                   
2000044c  length                        
2000fe00  __stack                       
20010000  __STACK_END                   
4000480c  WDTCTL_SYM                    
ffffffff  __TI_pprof_out_hndl           
ffffffff  __TI_prof_data_size           
ffffffff  __TI_prof_data_start          
ffffffff  __binit__                     
ffffffff  __c_args__                    
ffffffff  binit                         
UNDEFED   __mpu_init                    
UNDEFED   _system_post_cinit            

[147 symbols]
