******************************************************************************
                  TI ARM Linker PC v18.12.1                    
******************************************************************************
>> Linked Mon May  6 03:04:42 2019

OUTPUT FILE NAME:   <CPE329_P2_FunctionGenerator.out>
ENTRY POINT SYMBOL: "_c_int00_noargs"  address: 00002979


MEMORY CONFIGURATION

         name            origin    length      used     unused   attr    fill
----------------------  --------  ---------  --------  --------  ----  --------
  MAIN                  00000000   00040000  00002c18  0003d3e8  R  X
  INFO                  00200000   00004000  00000000  00004000  R  X
  SRAM_CODE             01000000   00010000  00000640  0000f9c0  RW X
  SRAM_DATA             20000000   00010000  00000640  0000f9c0  RW  


SEGMENT ALLOCATION MAP

run origin  load origin   length   init length attrs members
----------  ----------- ---------- ----------- ----- -------
00000000    00000000    00002c18   00002c18    r-x
  00000000    00000000    000000e4   000000e4    r-- .intvecs
  000000e4    000000e4    0000299c   0000299c    r-x .text
  00002a80    00002a80    00000158   00000158    r-- .const
  00002bd8    00002bd8    00000040   00000040    r-- .cinit
20000000    20000000    00000440   00000000    rw-
  20000000    20000000    00000400   00000000    rw- .sysmem
  20000400    20000400    00000030   00000000    rw- .data
  20000430    20000430    00000010   00000000    rw- .bss
2000fe00    2000fe00    00000200   00000000    rw-
  2000fe00    2000fe00    00000200   00000000    rw- .stack


SECTION ALLOCATION MAP

 output                                  attributes/
section   page    origin      length       input sections
--------  ----  ----------  ----------   ----------------
.intvecs   0    00000000    000000e4     
                  00000000    000000e4     startup_msp432p401r_ccs.obj (.intvecs:retain)

.text      0    000000e4    0000299c     
                  000000e4    00000738     rtsv7M4_T_le_v4SPD16_eabi.lib : k_rem_pio2.c.obj (.text:__kernel_rem_pio2)
                  0000081c    000005e0     main.obj (.text)
                  00000dfc    000005c4     rtsv7M4_T_le_v4SPD16_eabi.lib : s_sin.c.obj (.text:sin)
                  000013c0    00000334     system_msp432p401r.obj (.text)
                  000016f4    000001b6     rtsv7M4_T_le_v4SPD16_eabi.lib : fd_add_t2.asm.obj (.text)
                  000018aa    00000002                                   : _lock.c.obj (.text:_nop)
                  000018ac    000001b0     delay.obj (.text)
                  00001a5c    00000174     rtsv7M4_T_le_v4SPD16_eabi.lib : k_sin.c.obj (.text:__kernel_sin)
                  00001bd0    0000016c                                   : k_cos.c.obj (.text:__kernel_cos)
                  00001d3c    00000136                                   : fd_div_t2.asm.obj (.text)
                  00001e72    00000002     --HOLE-- [fill = 0]
                  00001e74    00000110                                   : s_scalbn.c.obj (.text:scalbn)
                  00001f84    0000010c     keypad.obj (.text)
                  00002090    000000fc     rtsv7M4_T_le_v4SPD16_eabi.lib : fd_mul_t2.asm.obj (.text)
                  0000218c    000000f8                                   : s_floor.c.obj (.text:floor)
                  00002284    000000f4                                   : memory.c.obj (.text:aligned_alloc)
                  00002378    000000e8                                   : memory.c.obj (.text:free)
                  00002460    000000d8                                   : memory.c.obj (.text:realloc)
                  00002538    0000009c                                   : memcpy_t2.asm.obj (.text)
                  000025d4    00000086                                   : fd_cmp_t2.asm.obj (.text:__aeabi_cdcmple)
                  0000265a    00000086                                   : fd_cmp_t2.asm.obj (.text:__aeabi_cdrcmple)
                  000026e0    0000007e     dynamicArray.obj (.text)
                  0000275e    00000002     --HOLE-- [fill = 0]
                  00002760    0000007c     rtsv7M4_T_le_v4SPD16_eabi.lib : memory.c.obj (.text:split)
                  000027dc    0000006e                                   : fd_tos_t2.asm.obj (.text)
                  0000284a    00000068                                   : copy_decompress_lzss.c.obj (.text:decompress:lzss:__TI_decompress_lzss)
                  000028b2    00000048                                   : fd_toi_t2.asm.obj (.text)
                  000028fa    00000002     --HOLE-- [fill = 0]
                  000028fc    00000044                                   : autoinit.c.obj (.text:__TI_auto_init_nobinit_nopinit:__TI_auto_init_nobinit_nopinit)
                  00002940    00000038                                   : fs_tod_t2.asm.obj (.text)
                  00002978    00000034                                   : boot_cortex_m.c.obj (.text:_c_int00_noargs:_c_int00_noargs)
                  000029ac    0000002e                                   : i_tofd_t2.asm.obj (.text)
                  000029da    00000002     --HOLE-- [fill = 0]
                  000029dc    00000028                                   : memory.c.obj (.text:free_list_insert)
                  00002a04    0000001c                                   : memory.c.obj (.text:free_list_remove)
                  00002a20    0000001a                                   : s_copysign.c.obj (.text:copysign)
                  00002a3a    00000012                                   : copy_zero_init.c.obj (.text:decompress:ZI:__TI_zero_init_nomemset:__TI_zero_init_nomemset)
                  00002a4c    0000000e                                   : copy_decompress_none.c.obj (.text:decompress:none:__TI_decompress_none)
                  00002a5a    0000000e     startup_msp432p401r_ccs.obj (.text)
                  00002a68    00000008     rtsv7M4_T_le_v4SPD16_eabi.lib : errno.c.obj (.text:__aeabi_errno_addr)
                  00002a70    00000008                                   : memory.c.obj (.text:malloc)
                  00002a78    00000004                                   : pre_init.c.obj (.text:_system_pre_init)
                  00002a7c    00000004                                   : exit.c.obj (.text:abort:abort)

.const     0    00002a80    00000158     
                  00002a80    00000158     rtsv7M4_T_le_v4SPD16_eabi.lib : k_rem_pio2.c.obj (.const:$O1$$)

.cinit     0    00002bd8    00000040     
                  00002bd8    0000001a     (.cinit..data.load) [load image, compression = lzss]
                  00002bf2    00000002     --HOLE-- [fill = 0]
                  00002bf4    0000000c     (__TI_handler_table)
                  00002c00    00000008     (.cinit..bss.load) [load image, compression = zero_init]
                  00002c08    00000010     (__TI_cinit_table)

.init_array 
*          0    00000000    00000000     UNINITIALIZED

.binit     0    00000000    00000000     

.sysmem    0    20000000    00000400     UNINITIALIZED
                  20000000    00000010     rtsv7M4_T_le_v4SPD16_eabi.lib : memory.c.obj (.sysmem)
                  20000010    000003f0     --HOLE--

.data      0    20000400    00000030     UNINITIALIZED
                  20000400    00000015     main.obj (.data)
                  20000415    00000003     --HOLE--
                  20000418    00000008     rtsv7M4_T_le_v4SPD16_eabi.lib : _lock.c.obj (.data:$O1$$)
                  20000420    00000008                                   : memory.c.obj (.data:$O1$$)
                  20000428    00000004                                   : errno.c.obj (.data)
                  2000042c    00000004     system_msp432p401r.obj (.data)

.bss       0    20000430    00000010     UNINITIALIZED
                  20000430    0000000c     (.common:lookupTable)
                  2000043c    00000004     (.common:length)

.stack     0    2000fe00    00000200     UNINITIALIZED
                  2000fe00    00000004     rtsv7M4_T_le_v4SPD16_eabi.lib : boot_cortex_m.c.obj (.stack)
                  2000fe04    000001fc     --HOLE--

MODULE SUMMARY

       Module                        code    ro data   rw data
       ------                        ----    -------   -------
    .\
       main.obj                      1504    0         74     
       system_msp432p401r.obj        820     0         8      
       delay.obj                     432     0         0      
       keypad.obj                    268     0         0      
       startup_msp432p401r_ccs.obj   14      228       0      
       dynamicArray.obj              126     0         0      
    +--+-----------------------------+-------+---------+---------+
       Total:                        3164    228       82     
                                                              
    C:\ti\ccs900\ccs\tools\compiler\ti-cgt-arm_18.12.1.LTS\lib\rtsv7M4_T_le_v4SPD16_eabi.lib
       k_rem_pio2.c.obj              1848    344       0      
       s_sin.c.obj                   1476    0         0      
       memory.c.obj                  892     0         16     
       fd_add_t2.asm.obj             438     0         0      
       k_sin.c.obj                   372     0         0      
       k_cos.c.obj                   364     0         0      
       fd_div_t2.asm.obj             310     0         0      
       s_scalbn.c.obj                272     0         0      
       fd_cmp_t2.asm.obj             268     0         0      
       fd_mul_t2.asm.obj             252     0         0      
       s_floor.c.obj                 248     0         0      
       memcpy_t2.asm.obj             156     0         0      
       fd_tos_t2.asm.obj             110     0         0      
       copy_decompress_lzss.c.obj    104     0         0      
       fd_toi_t2.asm.obj             72      0         0      
       autoinit.c.obj                68      0         0      
       fs_tod_t2.asm.obj             56      0         0      
       boot_cortex_m.c.obj           52      0         0      
       i_tofd_t2.asm.obj             46      0         0      
       s_copysign.c.obj              26      0         0      
       _lock.c.obj                   2       0         16     
       copy_zero_init.c.obj          18      0         0      
       errno.c.obj                   8       0         8      
       copy_decompress_none.c.obj    14      0         0      
       exit.c.obj                    4       0         0      
       pre_init.c.obj                4       0         0      
    +--+-----------------------------+-------+---------+---------+
       Total:                        7480    344       40     
                                                              
       Heap:                         0       0         2048   
       Stack:                        0       0         1024   
       Linker Generated:             0       62        0      
    +--+-----------------------------+-------+---------+---------+
       Grand Total:                  10644   634       3194   


LINKER GENERATED COPY TABLES

__TI_cinit_table @ 00002c08 records: 2, size/record: 8, table size: 16
	.data: load addr=00002bd8, load size=0000001a bytes, run addr=20000400, run size=00000030 bytes, compression=lzss
	.bss: load addr=00002c00, load size=00000008 bytes, run addr=20000430, run size=00000010 bytes, compression=zero_init


LINKER GENERATED HANDLER TABLE

__TI_handler_table @ 00002bf4 records: 3, size/record: 4, table size: 12
	index: 0, handler: __TI_decompress_lzss
	index: 1, handler: __TI_decompress_none
	index: 2, handler: __TI_zero_init


GLOBAL SYMBOLS: SORTED ALPHABETICALLY BY Name 

address   name                          
-------   ----                          
00002a67  ADC14_IRQHandler              
00002a67  AES256_IRQHandler             
00002a67  BusFault_Handler              
00002a7d  C$$EXIT                       
00002a67  COMP_E0_IRQHandler            
00002a67  COMP_E1_IRQHandler            
00002a67  CS_IRQHandler                 
00002a67  DMA_ERR_IRQHandler            
00002a67  DMA_INT0_IRQHandler           
00002a67  DMA_INT1_IRQHandler           
00002a67  DMA_INT2_IRQHandler           
00002a67  DMA_INT3_IRQHandler           
00002a67  DebugMon_Handler              
00002a67  Default_Handler               
00002a67  EUSCIA0_IRQHandler            
00002a67  EUSCIA1_IRQHandler            
00002a67  EUSCIA2_IRQHandler            
00002a67  EUSCIA3_IRQHandler            
00002a67  EUSCIB0_IRQHandler            
00002a67  EUSCIB1_IRQHandler            
00002a67  EUSCIB2_IRQHandler            
00002a67  EUSCIB3_IRQHandler            
00002a67  FLCTL_IRQHandler              
00002a67  FPU_IRQHandler                
00002a67  HardFault_Handler             
00002a67  MemManage_Handler             
00002a67  NMI_Handler                   
00002a67  PCM_IRQHandler                
00002a67  PORT1_IRQHandler              
00002a67  PORT2_IRQHandler              
00002a67  PORT3_IRQHandler              
00002a67  PORT4_IRQHandler              
00002a67  PORT5_IRQHandler              
00002a67  PORT6_IRQHandler              
00002a67  PSS_IRQHandler                
00002a67  PendSV_Handler                
00002a67  RTC_C_IRQHandler              
00002a5b  Reset_Handler                 
00002a67  SVC_Handler                   
00002a67  SysTick_Handler               
2000042c  SystemCoreClock               
000013c1  SystemCoreClockUpdate         
00001639  SystemInit                    
00002a67  T32_INT1_IRQHandler           
00002a67  T32_INT2_IRQHandler           
00002a67  T32_INTC_IRQHandler           
00000967  TA0_0_IRQHandler              
00000967  TA0_0_IRQHandler              
000009ad  TA0_N_IRQHandler              
000009ad  TA0_N_IRQHandler              
00002a67  TA1_0_IRQHandler              
00002a67  TA1_N_IRQHandler              
00002a67  TA2_0_IRQHandler              
00002a67  TA2_N_IRQHandler              
00002a67  TA3_0_IRQHandler              
00002a67  TA3_N_IRQHandler              
00002a67  UsageFault_Handler            
4000480c  WDTCTL_SYM                    
00002a67  WDT_A_IRQHandler              
20010000  __STACK_END                   
00000200  __STACK_SIZE                  
00000400  __SYSMEM_SIZE                 
00002c08  __TI_CINIT_Base               
00002c18  __TI_CINIT_Limit              
00002bf4  __TI_Handler_Table_Base       
00002c00  __TI_Handler_Table_Limit      
000028fd  __TI_auto_init_nobinit_nopinit
0000284b  __TI_decompress_lzss          
00002a4d  __TI_decompress_none          
ffffffff  __TI_pprof_out_hndl           
ffffffff  __TI_prof_data_size           
ffffffff  __TI_prof_data_start          
00000000  __TI_static_base__            
00002a3b  __TI_zero_init_nomemset       
000025d5  __aeabi_cdcmpeq               
000025d5  __aeabi_cdcmple               
0000265b  __aeabi_cdrcmple              
000027dd  __aeabi_d2f                   
000028b3  __aeabi_d2iz                  
000016ff  __aeabi_dadd                  
00001d3d  __aeabi_ddiv                  
00002091  __aeabi_dmul                  
000016f5  __aeabi_dsub                  
00002a69  __aeabi_errno_addr            
00002941  __aeabi_f2d                   
000029ad  __aeabi_i2d                   
00002539  __aeabi_memcpy                
00002539  __aeabi_memcpy4               
00002539  __aeabi_memcpy8               
ffffffff  __binit__                     
ffffffff  __c_args__                    
00001bd1  __kernel_cos                  
000000e5  __kernel_rem_pio2             
00001a5d  __kernel_sin                  
UNDEFED   __mpu_init                    
2000fe00  __stack                       
00002979  _c_int00_noargs               
20000418  _lock                         
000018ab  _nop                          
20000000  _sys_memory                   
UNDEFED   _system_post_cinit            
00002a79  _system_pre_init              
2000041c  _unlock                       
00002a7d  abort                         
00002285  aligned_alloc                 
000008cd  approxSine                    
ffffffff  binit                         
00001f85  check_key_pressed             
00002a21  copysign                      
00002a21  copysignl                     
00001a25  delay_ms                      
0000191b  delay_us                      
2000040c  duty_cycle                    
20000428  errno                         
20000402  factor                        
0000218d  floor                         
0000218d  floorl                        
00002379  free                          
00002741  freeArray                     
000026e1  initArray                     
0000081d  init_SPI                      
00000a13  init_keypad                   
000009d3  init_timers                   
00002701  insertArray                   
00000000  interruptVectors              
00001e75  ldexp                         
00001e75  ldexpl                        
2000043c  length                        
20000430  lookupTable                   
00000c5d  main                          
00002a71  malloc                        
00002285  memalign                      
00002539  memcpy                        
00002461  realloc                       
00000aa5  recalculateLookup             
20000410  sampleRate_Iterator           
20000408  sawtoothIterator              
00001e75  scalbn                        
00001e75  scalbnl                       
000018ad  set_DCO                       
00000869  set_voltage                   
00000dfd  sin                           
20000404  sinIterator                   
00000dfd  sinl                          
20000400  voltage                       
20000414  wave                          


GLOBAL SYMBOLS: SORTED BY Symbol Address 

address   name                          
-------   ----                          
00000000  __TI_static_base__            
00000000  interruptVectors              
000000e5  __kernel_rem_pio2             
00000200  __STACK_SIZE                  
00000400  __SYSMEM_SIZE                 
0000081d  init_SPI                      
00000869  set_voltage                   
000008cd  approxSine                    
00000967  TA0_0_IRQHandler              
00000967  TA0_0_IRQHandler              
000009ad  TA0_N_IRQHandler              
000009ad  TA0_N_IRQHandler              
000009d3  init_timers                   
00000a13  init_keypad                   
00000aa5  recalculateLookup             
00000c5d  main                          
00000dfd  sin                           
00000dfd  sinl                          
000013c1  SystemCoreClockUpdate         
00001639  SystemInit                    
000016f5  __aeabi_dsub                  
000016ff  __aeabi_dadd                  
000018ab  _nop                          
000018ad  set_DCO                       
0000191b  delay_us                      
00001a25  delay_ms                      
00001a5d  __kernel_sin                  
00001bd1  __kernel_cos                  
00001d3d  __aeabi_ddiv                  
00001e75  ldexp                         
00001e75  ldexpl                        
00001e75  scalbn                        
00001e75  scalbnl                       
00001f85  check_key_pressed             
00002091  __aeabi_dmul                  
0000218d  floor                         
0000218d  floorl                        
00002285  aligned_alloc                 
00002285  memalign                      
00002379  free                          
00002461  realloc                       
00002539  __aeabi_memcpy                
00002539  __aeabi_memcpy4               
00002539  __aeabi_memcpy8               
00002539  memcpy                        
000025d5  __aeabi_cdcmpeq               
000025d5  __aeabi_cdcmple               
0000265b  __aeabi_cdrcmple              
000026e1  initArray                     
00002701  insertArray                   
00002741  freeArray                     
000027dd  __aeabi_d2f                   
0000284b  __TI_decompress_lzss          
000028b3  __aeabi_d2iz                  
000028fd  __TI_auto_init_nobinit_nopinit
00002941  __aeabi_f2d                   
00002979  _c_int00_noargs               
000029ad  __aeabi_i2d                   
00002a21  copysign                      
00002a21  copysignl                     
00002a3b  __TI_zero_init_nomemset       
00002a4d  __TI_decompress_none          
00002a5b  Reset_Handler                 
00002a67  ADC14_IRQHandler              
00002a67  AES256_IRQHandler             
00002a67  BusFault_Handler              
00002a67  COMP_E0_IRQHandler            
00002a67  COMP_E1_IRQHandler            
00002a67  CS_IRQHandler                 
00002a67  DMA_ERR_IRQHandler            
00002a67  DMA_INT0_IRQHandler           
00002a67  DMA_INT1_IRQHandler           
00002a67  DMA_INT2_IRQHandler           
00002a67  DMA_INT3_IRQHandler           
00002a67  DebugMon_Handler              
00002a67  Default_Handler               
00002a67  EUSCIA0_IRQHandler            
00002a67  EUSCIA1_IRQHandler            
00002a67  EUSCIA2_IRQHandler            
00002a67  EUSCIA3_IRQHandler            
00002a67  EUSCIB0_IRQHandler            
00002a67  EUSCIB1_IRQHandler            
00002a67  EUSCIB2_IRQHandler            
00002a67  EUSCIB3_IRQHandler            
00002a67  FLCTL_IRQHandler              
00002a67  FPU_IRQHandler                
00002a67  HardFault_Handler             
00002a67  MemManage_Handler             
00002a67  NMI_Handler                   
00002a67  PCM_IRQHandler                
00002a67  PORT1_IRQHandler              
00002a67  PORT2_IRQHandler              
00002a67  PORT3_IRQHandler              
00002a67  PORT4_IRQHandler              
00002a67  PORT5_IRQHandler              
00002a67  PORT6_IRQHandler              
00002a67  PSS_IRQHandler                
00002a67  PendSV_Handler                
00002a67  RTC_C_IRQHandler              
00002a67  SVC_Handler                   
00002a67  SysTick_Handler               
00002a67  T32_INT1_IRQHandler           
00002a67  T32_INT2_IRQHandler           
00002a67  T32_INTC_IRQHandler           
00002a67  TA1_0_IRQHandler              
00002a67  TA1_N_IRQHandler              
00002a67  TA2_0_IRQHandler              
00002a67  TA2_N_IRQHandler              
00002a67  TA3_0_IRQHandler              
00002a67  TA3_N_IRQHandler              
00002a67  UsageFault_Handler            
00002a67  WDT_A_IRQHandler              
00002a69  __aeabi_errno_addr            
00002a71  malloc                        
00002a79  _system_pre_init              
00002a7d  C$$EXIT                       
00002a7d  abort                         
00002bf4  __TI_Handler_Table_Base       
00002c00  __TI_Handler_Table_Limit      
00002c08  __TI_CINIT_Base               
00002c18  __TI_CINIT_Limit              
20000000  _sys_memory                   
20000400  voltage                       
20000402  factor                        
20000404  sinIterator                   
20000408  sawtoothIterator              
2000040c  duty_cycle                    
20000410  sampleRate_Iterator           
20000414  wave                          
20000418  _lock                         
2000041c  _unlock                       
20000428  errno                         
2000042c  SystemCoreClock               
20000430  lookupTable                   
2000043c  length                        
2000fe00  __stack                       
20010000  __STACK_END                   
4000480c  WDTCTL_SYM                    
ffffffff  __TI_pprof_out_hndl           
ffffffff  __TI_prof_data_size           
ffffffff  __TI_prof_data_start          
ffffffff  __binit__                     
ffffffff  __c_args__                    
ffffffff  binit                         
UNDEFED   __mpu_init                    
UNDEFED   _system_post_cinit            

[146 symbols]
