******************************************************************************
                  TI ARM Linker PC v18.12.1                    
******************************************************************************
>> Linked Mon May 13 23:37:39 2019

OUTPUT FILE NAME:   <CPE329_A9_ADC.out>
ENTRY POINT SYMBOL: "_c_int00_noargs"  address: 00000f49


MEMORY CONFIGURATION

         name            origin    length      used     unused   attr    fill
----------------------  --------  ---------  --------  --------  ----  --------
  MAIN                  00000000   00040000  0000101e  0003efe2  R  X
  INFO                  00200000   00004000  00000000  00004000  R  X
  SRAM_CODE             01000000   00010000  00000225  0000fddb  RW X
  SRAM_DATA             20000000   00010000  00000225  0000fddb  RW  


SEGMENT ALLOCATION MAP

run origin  load origin   length   init length attrs members
----------  ----------- ---------- ----------- ----- -------
00000000    00000000    00001020   00001020    r-x
  00000000    00000000    000000e4   000000e4    r-- .intvecs
  000000e4    000000e4    00000f02   00000f02    r-x .text
  00000fe8    00000fe8    00000038   00000038    r-- .cinit
20000000    20000000    0000002a   00000000    rw-
  20000000    20000000    00000013   00000000    rw- .data
  20000018    20000018    00000012   00000000    rw- .bss
2000fe00    2000fe00    00000200   00000000    rw-
  2000fe00    2000fe00    00000200   00000000    rw- .stack


SECTION ALLOCATION MAP

 output                                  attributes/
section   page    origin      length       input sections
--------  ----  ----------  ----------   ----------------
.intvecs   0    00000000    000000e4     
                  00000000    000000e4     startup_msp432p401r_ccs.obj (.intvecs:retain)

.text      0    000000e4    00000f02     
                  000000e4    00000390     main.obj (.text)
                  00000474    00000334     system_msp432p401r.obj (.text)
                  000007a8    000001b6     rtsv7M4_T_le_v4SPD16_eabi.lib : fd_add_t2.asm.obj (.text)
                  0000095e    00000002     --HOLE-- [fill = 0]
                  00000960    000001b0     delay.obj (.text)
                  00000b10    00000184     dac.obj (.text)
                  00000c94    000000fc     rtsv7M4_T_le_v4SPD16_eabi.lib : fd_mul_t2.asm.obj (.text)
                  00000d90    0000009c                                   : memcpy_t2.asm.obj (.text)
                  00000e2c    0000006e                                   : fd_tos_t2.asm.obj (.text)
                  00000e9a    00000068                                   : copy_decompress_lzss.c.obj (.text:decompress:lzss:__TI_decompress_lzss)
                  00000f02    00000002     --HOLE-- [fill = 0]
                  00000f04    00000044                                   : autoinit.c.obj (.text:__TI_auto_init_nobinit_nopinit:__TI_auto_init_nobinit_nopinit)
                  00000f48    00000034                                   : boot_cortex_m.c.obj (.text:_c_int00_noargs:_c_int00_noargs)
                  00000f7c    00000020                                   : u_tofd_t2.asm.obj (.text)
                  00000f9c    00000014                                   : strlen.c.obj (.text:strlen)
                  00000fb0    00000012                                   : copy_zero_init.c.obj (.text:decompress:ZI:__TI_zero_init_nomemset:__TI_zero_init_nomemset)
                  00000fc2    0000000e                                   : copy_decompress_none.c.obj (.text:decompress:none:__TI_decompress_none)
                  00000fd0    0000000e     startup_msp432p401r_ccs.obj (.text)
                  00000fde    00000004     rtsv7M4_T_le_v4SPD16_eabi.lib : pre_init.c.obj (.text:_system_pre_init)
                  00000fe2    00000004                                   : exit.c.obj (.text:abort:abort)

.cinit     0    00000fe8    00000038     
                  00000fe8    0000000f     (.cinit..data.load) [load image, compression = lzss]
                  00000ff7    00000001     --HOLE-- [fill = 0]
                  00000ff8    0000000c     (__TI_handler_table)
                  00001004    00000004     --HOLE-- [fill = 0]
                  00001008    00000008     (.cinit..bss.load) [load image, compression = zero_init]
                  00001010    00000010     (__TI_cinit_table)

.init_array 
*          0    00000000    00000000     UNINITIALIZED

.binit     0    00000000    00000000     

.data      0    20000000    00000013     UNINITIALIZED
                  20000000    0000000c     main.obj (.data)
                  2000000c    00000004     system_msp432p401r.obj (.data)
                  20000010    00000003     dac.obj (.data)

.bss       0    20000018    00000012     UNINITIALIZED
                  20000018    00000008     (.common:inValue)
                  20000020    00000008     (.common:writeValue)
                  20000028    00000002     (.common:readValue)

.stack     0    2000fe00    00000200     UNINITIALIZED
                  2000fe00    00000004     rtsv7M4_T_le_v4SPD16_eabi.lib : boot_cortex_m.c.obj (.stack)
                  2000fe04    000001fc     --HOLE--

MODULE SUMMARY

       Module                        code   ro data   rw data
       ------                        ----   -------   -------
    .\
       main.obj                      912    0         60     
       system_msp432p401r.obj        820    0         8      
       delay.obj                     432    0         0      
       dac.obj                       388    0         6      
       startup_msp432p401r_ccs.obj   14     228       0      
    +--+-----------------------------+------+---------+---------+
       Total:                        2566   228       74     
                                                             
    C:\ti\ccs900\ccs\tools\compiler\ti-cgt-arm_18.12.1.LTS\lib\rtsv7M4_T_le_v4SPD16_eabi.lib
       fd_add_t2.asm.obj             438    0         0      
       fd_mul_t2.asm.obj             252    0         0      
       memcpy_t2.asm.obj             156    0         0      
       fd_tos_t2.asm.obj             110    0         0      
       copy_decompress_lzss.c.obj    104    0         0      
       autoinit.c.obj                68     0         0      
       boot_cortex_m.c.obj           52     0         0      
       u_tofd_t2.asm.obj             32     0         0      
       strlen.c.obj                  20     0         0      
       copy_zero_init.c.obj          18     0         0      
       copy_decompress_none.c.obj    14     0         0      
       exit.c.obj                    4      0         0      
       pre_init.c.obj                4      0         0      
    +--+-----------------------------+------+---------+---------+
       Total:                        1272   0         0      
                                                             
       Stack:                        0      0         1024   
       Linker Generated:             0      51        0      
    +--+-----------------------------+------+---------+---------+
       Grand Total:                  3838   279       1098   


LINKER GENERATED COPY TABLES

__TI_cinit_table @ 00001010 records: 2, size/record: 8, table size: 16
	.data: load addr=00000fe8, load size=0000000f bytes, run addr=20000000, run size=00000013 bytes, compression=lzss
	.bss: load addr=00001008, load size=00000008 bytes, run addr=20000018, run size=00000012 bytes, compression=zero_init


LINKER GENERATED HANDLER TABLE

__TI_handler_table @ 00000ff8 records: 3, size/record: 4, table size: 12
	index: 0, handler: __TI_decompress_lzss
	index: 1, handler: __TI_decompress_none
	index: 2, handler: __TI_zero_init


GLOBAL SYMBOLS: SORTED ALPHABETICALLY BY Name 

address   name                          
-------   ----                          
0000023b  ADC14_IRQHandler              
0000023b  ADC14_IRQHandler              
00000271  ADC_16_cycles                 
000002bd  ADC_192_cycles                
0000024b  ADC_4_cycles                  
00000297  ADC_96_cycles                 
00000fdd  AES256_IRQHandler             
00000fdd  BusFault_Handler              
00000fe3  C$$EXIT                       
00000fdd  COMP_E0_IRQHandler            
00000fdd  COMP_E1_IRQHandler            
00000fdd  CS_IRQHandler                 
00000fdd  DMA_ERR_IRQHandler            
00000fdd  DMA_INT0_IRQHandler           
00000fdd  DMA_INT1_IRQHandler           
00000fdd  DMA_INT2_IRQHandler           
00000fdd  DMA_INT3_IRQHandler           
00000fdd  DebugMon_Handler              
00000fdd  Default_Handler               
0000012f  EUSCIA0_IRQHandler            
0000012f  EUSCIA0_IRQHandler            
00000fdd  EUSCIA1_IRQHandler            
00000fdd  EUSCIA2_IRQHandler            
00000fdd  EUSCIA3_IRQHandler            
00000fdd  EUSCIB0_IRQHandler            
00000fdd  EUSCIB1_IRQHandler            
00000fdd  EUSCIB2_IRQHandler            
00000fdd  EUSCIB3_IRQHandler            
00000fdd  FLCTL_IRQHandler              
00000fdd  FPU_IRQHandler                
00000fdd  HardFault_Handler             
00000fdd  MemManage_Handler             
00000fdd  NMI_Handler                   
00000fdd  PCM_IRQHandler                
00000fdd  PORT1_IRQHandler              
00000fdd  PORT2_IRQHandler              
00000fdd  PORT3_IRQHandler              
00000fdd  PORT4_IRQHandler              
00000fdd  PORT5_IRQHandler              
00000fdd  PORT6_IRQHandler              
00000fdd  PSS_IRQHandler                
00000fdd  PendSV_Handler                
00000fdd  RTC_C_IRQHandler              
00000fd1  Reset_Handler                 
00000fdd  SVC_Handler                   
00000fdd  SysTick_Handler               
2000000c  SystemCoreClock               
00000475  SystemCoreClockUpdate         
000006ed  SystemInit                    
00000fdd  T32_INT1_IRQHandler           
00000fdd  T32_INT2_IRQHandler           
00000fdd  T32_INTC_IRQHandler           
00000bc1  TA0_0_IRQHandler              
00000bc1  TA0_0_IRQHandler              
00000be3  TA0_N_IRQHandler              
00000be3  TA0_N_IRQHandler              
00000fdd  TA1_0_IRQHandler              
00000fdd  TA1_N_IRQHandler              
00000fdd  TA2_0_IRQHandler              
00000fdd  TA2_N_IRQHandler              
00000fdd  TA3_0_IRQHandler              
00000fdd  TA3_N_IRQHandler              
00000fdd  UsageFault_Handler            
4000480c  WDTCTL_SYM                    
00000fdd  WDT_A_IRQHandler              
20010000  __STACK_END                   
00000200  __STACK_SIZE                  
00001010  __TI_CINIT_Base               
00001020  __TI_CINIT_Limit              
00000ff8  __TI_Handler_Table_Base       
00001004  __TI_Handler_Table_Limit      
00000f05  __TI_auto_init_nobinit_nopinit
00000e9b  __TI_decompress_lzss          
00000fc3  __TI_decompress_none          
ffffffff  __TI_pprof_out_hndl           
ffffffff  __TI_prof_data_size           
ffffffff  __TI_prof_data_start          
00000000  __TI_static_base__            
00000fb1  __TI_zero_init_nomemset       
00000e2d  __aeabi_d2f                   
000007b3  __aeabi_dadd                  
00000c95  __aeabi_dmul                  
000007a9  __aeabi_dsub                  
00000d91  __aeabi_memcpy                
00000d91  __aeabi_memcpy4               
00000d91  __aeabi_memcpy8               
00000f7d  __aeabi_ui2d                  
ffffffff  __binit__                     
ffffffff  __c_args__                    
UNDEFED   __mpu_init                    
2000fe00  __stack                       
00000f49  _c_int00_noargs               
UNDEFED   _system_post_cinit            
00000fdf  _system_pre_init              
00000fe3  abort                         
20000000  adc_flag                      
ffffffff  binit                         
00000ad9  delay_ms                      
000009cf  delay_us                      
20000012  factor                        
20000004  flag                          
20000018  inValue                       
20000008  index                         
00000209  init_ADC                      
00000b11  init_SPI                      
000001b7  init_UART                     
00000c17  init_timers                   
00000000  interruptVectors              
0000035f  main                          
00000d91  memcpy                        
000000e5  print_char                    
000002e3  print_float                   
00000101  print_string                  
20000028  readValue                     
00000961  set_DCO                       
00000b5d  set_voltage                   
00000f9d  strlen                        
20000010  voltage                       
20000020  writeValue                    


GLOBAL SYMBOLS: SORTED BY Symbol Address 

address   name                          
-------   ----                          
00000000  __TI_static_base__            
00000000  interruptVectors              
000000e5  print_char                    
00000101  print_string                  
0000012f  EUSCIA0_IRQHandler            
0000012f  EUSCIA0_IRQHandler            
000001b7  init_UART                     
00000200  __STACK_SIZE                  
00000209  init_ADC                      
0000023b  ADC14_IRQHandler              
0000023b  ADC14_IRQHandler              
0000024b  ADC_4_cycles                  
00000271  ADC_16_cycles                 
00000297  ADC_96_cycles                 
000002bd  ADC_192_cycles                
000002e3  print_float                   
0000035f  main                          
00000475  SystemCoreClockUpdate         
000006ed  SystemInit                    
000007a9  __aeabi_dsub                  
000007b3  __aeabi_dadd                  
00000961  set_DCO                       
000009cf  delay_us                      
00000ad9  delay_ms                      
00000b11  init_SPI                      
00000b5d  set_voltage                   
00000bc1  TA0_0_IRQHandler              
00000bc1  TA0_0_IRQHandler              
00000be3  TA0_N_IRQHandler              
00000be3  TA0_N_IRQHandler              
00000c17  init_timers                   
00000c95  __aeabi_dmul                  
00000d91  __aeabi_memcpy                
00000d91  __aeabi_memcpy4               
00000d91  __aeabi_memcpy8               
00000d91  memcpy                        
00000e2d  __aeabi_d2f                   
00000e9b  __TI_decompress_lzss          
00000f05  __TI_auto_init_nobinit_nopinit
00000f49  _c_int00_noargs               
00000f7d  __aeabi_ui2d                  
00000f9d  strlen                        
00000fb1  __TI_zero_init_nomemset       
00000fc3  __TI_decompress_none          
00000fd1  Reset_Handler                 
00000fdd  AES256_IRQHandler             
00000fdd  BusFault_Handler              
00000fdd  COMP_E0_IRQHandler            
00000fdd  COMP_E1_IRQHandler            
00000fdd  CS_IRQHandler                 
00000fdd  DMA_ERR_IRQHandler            
00000fdd  DMA_INT0_IRQHandler           
00000fdd  DMA_INT1_IRQHandler           
00000fdd  DMA_INT2_IRQHandler           
00000fdd  DMA_INT3_IRQHandler           
00000fdd  DebugMon_Handler              
00000fdd  Default_Handler               
00000fdd  EUSCIA1_IRQHandler            
00000fdd  EUSCIA2_IRQHandler            
00000fdd  EUSCIA3_IRQHandler            
00000fdd  EUSCIB0_IRQHandler            
00000fdd  EUSCIB1_IRQHandler            
00000fdd  EUSCIB2_IRQHandler            
00000fdd  EUSCIB3_IRQHandler            
00000fdd  FLCTL_IRQHandler              
00000fdd  FPU_IRQHandler                
00000fdd  HardFault_Handler             
00000fdd  MemManage_Handler             
00000fdd  NMI_Handler                   
00000fdd  PCM_IRQHandler                
00000fdd  PORT1_IRQHandler              
00000fdd  PORT2_IRQHandler              
00000fdd  PORT3_IRQHandler              
00000fdd  PORT4_IRQHandler              
00000fdd  PORT5_IRQHandler              
00000fdd  PORT6_IRQHandler              
00000fdd  PSS_IRQHandler                
00000fdd  PendSV_Handler                
00000fdd  RTC_C_IRQHandler              
00000fdd  SVC_Handler                   
00000fdd  SysTick_Handler               
00000fdd  T32_INT1_IRQHandler           
00000fdd  T32_INT2_IRQHandler           
00000fdd  T32_INTC_IRQHandler           
00000fdd  TA1_0_IRQHandler              
00000fdd  TA1_N_IRQHandler              
00000fdd  TA2_0_IRQHandler              
00000fdd  TA2_N_IRQHandler              
00000fdd  TA3_0_IRQHandler              
00000fdd  TA3_N_IRQHandler              
00000fdd  UsageFault_Handler            
00000fdd  WDT_A_IRQHandler              
00000fdf  _system_pre_init              
00000fe3  C$$EXIT                       
00000fe3  abort                         
00000ff8  __TI_Handler_Table_Base       
00001004  __TI_Handler_Table_Limit      
00001010  __TI_CINIT_Base               
00001020  __TI_CINIT_Limit              
20000000  adc_flag                      
20000004  flag                          
20000008  index                         
2000000c  SystemCoreClock               
20000010  voltage                       
20000012  factor                        
20000018  inValue                       
20000020  writeValue                    
20000028  readValue                     
2000fe00  __stack                       
20010000  __STACK_END                   
4000480c  WDTCTL_SYM                    
ffffffff  __TI_pprof_out_hndl           
ffffffff  __TI_prof_data_size           
ffffffff  __TI_prof_data_start          
ffffffff  __binit__                     
ffffffff  __c_args__                    
ffffffff  binit                         
UNDEFED   __mpu_init                    
UNDEFED   _system_post_cinit            

[119 symbols]
