******************************************************************************
                  TI ARM Linker PC v18.12.1                    
******************************************************************************
>> Linked Wed May  8 23:05:32 2019

OUTPUT FILE NAME:   <CPE329_A5_Timer.out>
ENTRY POINT SYMBOL: "_c_int00_noargs"  address: 000007fd


MEMORY CONFIGURATION

         name            origin    length      used     unused   attr    fill
----------------------  --------  ---------  --------  --------  ----  --------
  MAIN                  00000000   00040000  0000086c  0003f794  R  X
  INFO                  00200000   00004000  00000000  00004000  R  X
  SRAM_CODE             01000000   00010000  00000204  0000fdfc  RW X
  SRAM_DATA             20000000   00010000  00000204  0000fdfc  RW  


SEGMENT ALLOCATION MAP

run origin  load origin   length   init length attrs members
----------  ----------- ---------- ----------- ----- -------
00000000    00000000    00000870   00000870    r-x
  00000000    00000000    000000e4   000000e4    r-- .intvecs
  000000e4    000000e4    00000770   00000770    r-x .text
  00000858    00000858    00000018   00000018    r-- .cinit
20000000    20000000    00000004   00000000    rw-
  20000000    20000000    00000004   00000000    rw- .data
2000fe00    2000fe00    00000200   00000000    rw-
  2000fe00    2000fe00    00000200   00000000    rw- .stack


SECTION ALLOCATION MAP

 output                                  attributes/
section   page    origin      length       input sections
--------  ----  ----------  ----------   ----------------
.intvecs   0    00000000    000000e4     
                  00000000    000000e4     startup_msp432p401r_ccs.obj (.intvecs:retain)

.text      0    000000e4    00000770     
                  000000e4    00000334     system_msp432p401r.obj (.text)
                  00000418    000001b0     delay.obj (.text)
                  000005c8    000000ec     main.obj (.text)
                  000006b4    0000009c     rtsv7M4_T_le_v4SPD16_eabi.lib : memcpy_t2.asm.obj (.text)
                  00000750    00000068                                   : copy_decompress_lzss.c.obj (.text:decompress:lzss:__TI_decompress_lzss)
                  000007b8    00000044                                   : autoinit.c.obj (.text:__TI_auto_init_nobinit_nopinit:__TI_auto_init_nobinit_nopinit)
                  000007fc    00000034                                   : boot_cortex_m.c.obj (.text:_c_int00_noargs:_c_int00_noargs)
                  00000830    0000000e                                   : copy_decompress_none.c.obj (.text:decompress:none:__TI_decompress_none)
                  0000083e    0000000e     startup_msp432p401r_ccs.obj (.text)
                  0000084c    00000004     rtsv7M4_T_le_v4SPD16_eabi.lib : pre_init.c.obj (.text:_system_pre_init)
                  00000850    00000004                                   : exit.c.obj (.text:abort:abort)

.cinit     0    00000858    00000018     
                  00000858    00000008     (.cinit..data.load) [load image, compression = lzss]
                  00000860    00000008     (__TI_handler_table)
                  00000868    00000008     (__TI_cinit_table)

.init_array 
*          0    00000000    00000000     UNINITIALIZED

.binit     0    00000000    00000000     

.data      0    20000000    00000004     UNINITIALIZED
                  20000000    00000004     system_msp432p401r.obj (.data)

.stack     0    2000fe00    00000200     UNINITIALIZED
                  2000fe00    00000004     rtsv7M4_T_le_v4SPD16_eabi.lib : boot_cortex_m.c.obj (.stack)
                  2000fe04    000001fc     --HOLE--

MODULE SUMMARY

       Module                        code   ro data   rw data
       ------                        ----   -------   -------
    .\
       system_msp432p401r.obj        820    0         8      
       delay.obj                     432    0         0      
       startup_msp432p401r_ccs.obj   14     228       0      
       main.obj                      236    0         0      
    +--+-----------------------------+------+---------+---------+
       Total:                        1502   228       8      
                                                             
    C:\ti\ccs900\ccs\tools\compiler\ti-cgt-arm_18.12.1.LTS\lib\rtsv7M4_T_le_v4SPD16_eabi.lib
       memcpy_t2.asm.obj             156    0         0      
       copy_decompress_lzss.c.obj    104    0         0      
       autoinit.c.obj                68     0         0      
       boot_cortex_m.c.obj           52     0         0      
       copy_decompress_none.c.obj    14     0         0      
       exit.c.obj                    4      0         0      
       pre_init.c.obj                4      0         0      
    +--+-----------------------------+------+---------+---------+
       Total:                        402    0         0      
                                                             
       Stack:                        0      0         1024   
       Linker Generated:             0      24        0      
    +--+-----------------------------+------+---------+---------+
       Grand Total:                  1904   252       1032   


LINKER GENERATED COPY TABLES

__TI_cinit_table @ 00000868 records: 1, size/record: 8, table size: 8
	.data: load addr=00000858, load size=00000008 bytes, run addr=20000000, run size=00000004 bytes, compression=lzss


LINKER GENERATED HANDLER TABLE

__TI_handler_table @ 00000860 records: 2, size/record: 4, table size: 8
	index: 0, handler: __TI_decompress_lzss
	index: 1, handler: __TI_decompress_none


GLOBAL SYMBOLS: SORTED ALPHABETICALLY BY Name 

address   name                          
-------   ----                          
0000084b  ADC14_IRQHandler              
0000084b  AES256_IRQHandler             
0000084b  BusFault_Handler              
00000851  C$$EXIT                       
0000084b  COMP_E0_IRQHandler            
0000084b  COMP_E1_IRQHandler            
0000084b  CS_IRQHandler                 
0000084b  DMA_ERR_IRQHandler            
0000084b  DMA_INT0_IRQHandler           
0000084b  DMA_INT1_IRQHandler           
0000084b  DMA_INT2_IRQHandler           
0000084b  DMA_INT3_IRQHandler           
0000084b  DebugMon_Handler              
0000084b  Default_Handler               
0000084b  EUSCIA0_IRQHandler            
0000084b  EUSCIA1_IRQHandler            
0000084b  EUSCIA2_IRQHandler            
0000084b  EUSCIA3_IRQHandler            
0000084b  EUSCIB0_IRQHandler            
0000084b  EUSCIB1_IRQHandler            
0000084b  EUSCIB2_IRQHandler            
0000084b  EUSCIB3_IRQHandler            
0000084b  FLCTL_IRQHandler              
0000084b  FPU_IRQHandler                
0000084b  HardFault_Handler             
0000084b  MemManage_Handler             
0000084b  NMI_Handler                   
0000084b  PCM_IRQHandler                
0000084b  PORT1_IRQHandler              
0000084b  PORT2_IRQHandler              
0000084b  PORT3_IRQHandler              
0000084b  PORT4_IRQHandler              
0000084b  PORT5_IRQHandler              
0000084b  PORT6_IRQHandler              
0000084b  PSS_IRQHandler                
0000084b  PendSV_Handler                
0000084b  RTC_C_IRQHandler              
0000083f  Reset_Handler                 
0000084b  SVC_Handler                   
0000084b  SysTick_Handler               
20000000  SystemCoreClock               
000000e5  SystemCoreClockUpdate         
0000035d  SystemInit                    
0000084b  T32_INT1_IRQHandler           
0000084b  T32_INT2_IRQHandler           
0000084b  T32_INTC_IRQHandler           
000005c9  TA0_0_IRQHandler              
000005c9  TA0_0_IRQHandler              
000005f1  TA0_N_IRQHandler              
000005f1  TA0_N_IRQHandler              
0000084b  TA1_0_IRQHandler              
0000084b  TA1_N_IRQHandler              
0000084b  TA2_0_IRQHandler              
0000084b  TA2_N_IRQHandler              
0000084b  TA3_0_IRQHandler              
0000084b  TA3_N_IRQHandler              
0000084b  UsageFault_Handler            
4000480c  WDTCTL_SYM                    
0000084b  WDT_A_IRQHandler              
20010000  __STACK_END                   
00000200  __STACK_SIZE                  
00000868  __TI_CINIT_Base               
00000870  __TI_CINIT_Limit              
00000860  __TI_Handler_Table_Base       
00000868  __TI_Handler_Table_Limit      
000007b9  __TI_auto_init_nobinit_nopinit
00000751  __TI_decompress_lzss          
00000831  __TI_decompress_none          
ffffffff  __TI_pprof_out_hndl           
ffffffff  __TI_prof_data_size           
ffffffff  __TI_prof_data_start          
00000000  __TI_static_base__            
000006b5  __aeabi_memcpy                
000006b5  __aeabi_memcpy4               
000006b5  __aeabi_memcpy8               
ffffffff  __binit__                     
ffffffff  __c_args__                    
UNDEFED   __mpu_init                    
2000fe00  __stack                       
000007fd  _c_int00_noargs               
UNDEFED   _system_post_cinit            
0000084d  _system_pre_init              
00000851  abort                         
ffffffff  binit                         
00000591  delay_ms                      
00000487  delay_us                      
00000000  interruptVectors              
00000619  main                          
000006b5  memcpy                        
00000419  set_DCO                       


GLOBAL SYMBOLS: SORTED BY Symbol Address 

address   name                          
-------   ----                          
00000000  __TI_static_base__            
00000000  interruptVectors              
000000e5  SystemCoreClockUpdate         
00000200  __STACK_SIZE                  
0000035d  SystemInit                    
00000419  set_DCO                       
00000487  delay_us                      
00000591  delay_ms                      
000005c9  TA0_0_IRQHandler              
000005c9  TA0_0_IRQHandler              
000005f1  TA0_N_IRQHandler              
000005f1  TA0_N_IRQHandler              
00000619  main                          
000006b5  __aeabi_memcpy                
000006b5  __aeabi_memcpy4               
000006b5  __aeabi_memcpy8               
000006b5  memcpy                        
00000751  __TI_decompress_lzss          
000007b9  __TI_auto_init_nobinit_nopinit
000007fd  _c_int00_noargs               
00000831  __TI_decompress_none          
0000083f  Reset_Handler                 
0000084b  ADC14_IRQHandler              
0000084b  AES256_IRQHandler             
0000084b  BusFault_Handler              
0000084b  COMP_E0_IRQHandler            
0000084b  COMP_E1_IRQHandler            
0000084b  CS_IRQHandler                 
0000084b  DMA_ERR_IRQHandler            
0000084b  DMA_INT0_IRQHandler           
0000084b  DMA_INT1_IRQHandler           
0000084b  DMA_INT2_IRQHandler           
0000084b  DMA_INT3_IRQHandler           
0000084b  DebugMon_Handler              
0000084b  Default_Handler               
0000084b  EUSCIA0_IRQHandler            
0000084b  EUSCIA1_IRQHandler            
0000084b  EUSCIA2_IRQHandler            
0000084b  EUSCIA3_IRQHandler            
0000084b  EUSCIB0_IRQHandler            
0000084b  EUSCIB1_IRQHandler            
0000084b  EUSCIB2_IRQHandler            
0000084b  EUSCIB3_IRQHandler            
0000084b  FLCTL_IRQHandler              
0000084b  FPU_IRQHandler                
0000084b  HardFault_Handler             
0000084b  MemManage_Handler             
0000084b  NMI_Handler                   
0000084b  PCM_IRQHandler                
0000084b  PORT1_IRQHandler              
0000084b  PORT2_IRQHandler              
0000084b  PORT3_IRQHandler              
0000084b  PORT4_IRQHandler              
0000084b  PORT5_IRQHandler              
0000084b  PORT6_IRQHandler              
0000084b  PSS_IRQHandler                
0000084b  PendSV_Handler                
0000084b  RTC_C_IRQHandler              
0000084b  SVC_Handler                   
0000084b  SysTick_Handler               
0000084b  T32_INT1_IRQHandler           
0000084b  T32_INT2_IRQHandler           
0000084b  T32_INTC_IRQHandler           
0000084b  TA1_0_IRQHandler              
0000084b  TA1_N_IRQHandler              
0000084b  TA2_0_IRQHandler              
0000084b  TA2_N_IRQHandler              
0000084b  TA3_0_IRQHandler              
0000084b  TA3_N_IRQHandler              
0000084b  UsageFault_Handler            
0000084b  WDT_A_IRQHandler              
0000084d  _system_pre_init              
00000851  C$$EXIT                       
00000851  abort                         
00000860  __TI_Handler_Table_Base       
00000868  __TI_CINIT_Base               
00000868  __TI_Handler_Table_Limit      
00000870  __TI_CINIT_Limit              
20000000  SystemCoreClock               
2000fe00  __stack                       
20010000  __STACK_END                   
4000480c  WDTCTL_SYM                    
ffffffff  __TI_pprof_out_hndl           
ffffffff  __TI_prof_data_size           
ffffffff  __TI_prof_data_start          
ffffffff  __binit__                     
ffffffff  __c_args__                    
ffffffff  binit                         
UNDEFED   __mpu_init                    
UNDEFED   _system_post_cinit            

[90 symbols]
