******************************************************************************
                  TI ARM Linker PC v18.12.1                    
******************************************************************************
>> Linked Sat Apr 13 22:32:05 2019

OUTPUT FILE NAME:   <CPE329_A4_Keypad.out>
ENTRY POINT SYMBOL: "_c_int00_noargs"  address: 00000ae5


MEMORY CONFIGURATION

         name            origin    length      used     unused   attr    fill
----------------------  --------  ---------  --------  --------  ----  --------
  MAIN                  00000000   00040000  00000b6c  0003f494  R  X
  INFO                  00200000   00004000  00000000  00004000  R  X
  SRAM_CODE             01000000   00010000  00000208  0000fdf8  RW X
  SRAM_DATA             20000000   00010000  00000208  0000fdf8  RW  


SEGMENT ALLOCATION MAP

run origin  load origin   length   init length attrs members
----------  ----------- ---------- ----------- ----- -------
00000000    00000000    00000b6c   00000b6c    r-x
  00000000    00000000    000000e4   000000e4    r-- .intvecs
  000000e4    000000e4    00000a6c   00000a6c    r-x .text
  00000b50    00000b50    0000001c   0000001c    r-- .cinit
20000000    20000000    00000008   00000000    rw-
  20000000    20000000    00000008   00000000    rw- .data
2000fe00    2000fe00    00000200   00000000    rw-
  2000fe00    2000fe00    00000200   00000000    rw- .stack


SECTION ALLOCATION MAP

 output                                  attributes/
section   page    origin      length       input sections
--------  ----  ----------  ----------   ----------------
.intvecs   0    00000000    000000e4     
                  00000000    000000e4     startup_msp432p401r_ccs.obj (.intvecs:retain)

.text      0    000000e4    00000a6c     
                  000000e4    00000334     system_msp432p401r.obj (.text)
                  00000418    000001f8     lcd.obj (.text)
                  00000610    0000019c     delay.obj (.text)
                  000007ac    000000f8     keypad.obj (.text)
                  000008a4    000000f8     main.obj (.text)
                  0000099c    0000009c     rtsv7M4_T_le_v4SPD16_eabi.lib : memcpy_t2.asm.obj (.text)
                  00000a38    00000068                                   : copy_decompress_lzss.c.obj (.text:decompress:lzss:__TI_decompress_lzss)
                  00000aa0    00000044                                   : autoinit.c.obj (.text:__TI_auto_init_nobinit_nopinit:__TI_auto_init_nobinit_nopinit)
                  00000ae4    00000034                                   : boot_cortex_m.c.obj (.text:_c_int00_noargs:_c_int00_noargs)
                  00000b18    00000014                                   : strlen.c.obj (.text:strlen)
                  00000b2c    0000000e                                   : copy_decompress_none.c.obj (.text:decompress:none:__TI_decompress_none)
                  00000b3a    0000000e     startup_msp432p401r_ccs.obj (.text)
                  00000b48    00000004     rtsv7M4_T_le_v4SPD16_eabi.lib : pre_init.c.obj (.text:_system_pre_init)
                  00000b4c    00000004                                   : exit.c.obj (.text:abort:abort)

.cinit     0    00000b50    0000001c     
                  00000b50    0000000b     (.cinit..data.load) [load image, compression = lzss]
                  00000b5b    00000001     --HOLE-- [fill = 0]
                  00000b5c    00000008     (__TI_handler_table)
                  00000b64    00000008     (__TI_cinit_table)

.init_array 
*          0    00000000    00000000     UNINITIALIZED

.binit     0    00000000    00000000     

.data      0    20000000    00000008     UNINITIALIZED
                  20000000    00000004     lcd.obj (.data)
                  20000004    00000004     system_msp432p401r.obj (.data)

.stack     0    2000fe00    00000200     UNINITIALIZED
                  2000fe00    00000004     rtsv7M4_T_le_v4SPD16_eabi.lib : boot_cortex_m.c.obj (.stack)
                  2000fe04    000001fc     --HOLE--

MODULE SUMMARY

       Module                        code   ro data   rw data
       ------                        ----   -------   -------
    .\
       system_msp432p401r.obj        820    0         8      
       lcd.obj                       504    0         8      
       delay.obj                     412    0         0      
       keypad.obj                    248    0         0      
       main.obj                      248    0         0      
       startup_msp432p401r_ccs.obj   14     228       0      
    +--+-----------------------------+------+---------+---------+
       Total:                        2246   228       16     
                                                             
    C:\ti\ccs900\ccs\tools\compiler\ti-cgt-arm_18.12.1.LTS\lib\rtsv7M4_T_le_v4SPD16_eabi.lib
       memcpy_t2.asm.obj             156    0         0      
       copy_decompress_lzss.c.obj    104    0         0      
       autoinit.c.obj                68     0         0      
       boot_cortex_m.c.obj           52     0         0      
       strlen.c.obj                  20     0         0      
       copy_decompress_none.c.obj    14     0         0      
       exit.c.obj                    4      0         0      
       pre_init.c.obj                4      0         0      
    +--+-----------------------------+------+---------+---------+
       Total:                        422    0         0      
                                                             
       Stack:                        0      0         1024   
       Linker Generated:             0      27        0      
    +--+-----------------------------+------+---------+---------+
       Grand Total:                  2668   255       1040   


LINKER GENERATED COPY TABLES

__TI_cinit_table @ 00000b64 records: 1, size/record: 8, table size: 8
	.data: load addr=00000b50, load size=0000000b bytes, run addr=20000000, run size=00000008 bytes, compression=lzss


LINKER GENERATED HANDLER TABLE

__TI_handler_table @ 00000b5c records: 2, size/record: 4, table size: 8
	index: 0, handler: __TI_decompress_lzss
	index: 1, handler: __TI_decompress_none


GLOBAL SYMBOLS: SORTED ALPHABETICALLY BY Name 

address   name                          
-------   ----                          
00000b47  ADC14_IRQHandler              
00000b47  AES256_IRQHandler             
00000b47  BusFault_Handler              
00000b4d  C$$EXIT                       
00000b47  COMP_E0_IRQHandler            
00000b47  COMP_E1_IRQHandler            
00000b47  CS_IRQHandler                 
00000b47  DMA_ERR_IRQHandler            
00000b47  DMA_INT0_IRQHandler           
00000b47  DMA_INT1_IRQHandler           
00000b47  DMA_INT2_IRQHandler           
00000b47  DMA_INT3_IRQHandler           
00000b47  DebugMon_Handler              
00000b47  Default_Handler               
00000b47  EUSCIA0_IRQHandler            
00000b47  EUSCIA1_IRQHandler            
00000b47  EUSCIA2_IRQHandler            
00000b47  EUSCIA3_IRQHandler            
00000b47  EUSCIB0_IRQHandler            
00000b47  EUSCIB1_IRQHandler            
00000b47  EUSCIB2_IRQHandler            
00000b47  EUSCIB3_IRQHandler            
00000b47  FLCTL_IRQHandler              
00000b47  FPU_IRQHandler                
00000b47  HardFault_Handler             
00000b47  MemManage_Handler             
00000b47  NMI_Handler                   
00000b47  PCM_IRQHandler                
00000b47  PORT1_IRQHandler              
00000b47  PORT2_IRQHandler              
00000b47  PORT3_IRQHandler              
00000b47  PORT4_IRQHandler              
00000b47  PORT5_IRQHandler              
00000b47  PORT6_IRQHandler              
00000b47  PSS_IRQHandler                
00000b47  PendSV_Handler                
00000b47  RTC_C_IRQHandler              
00000b3b  Reset_Handler                 
00000b47  SVC_Handler                   
00000b47  SysTick_Handler               
20000004  SystemCoreClock               
000000e5  SystemCoreClockUpdate         
0000035d  SystemInit                    
00000b47  T32_INT1_IRQHandler           
00000b47  T32_INT2_IRQHandler           
00000b47  T32_INTC_IRQHandler           
00000b47  TA0_0_IRQHandler              
00000b47  TA0_N_IRQHandler              
00000b47  TA1_0_IRQHandler              
00000b47  TA1_N_IRQHandler              
00000b47  TA2_0_IRQHandler              
00000b47  TA2_N_IRQHandler              
00000b47  TA3_0_IRQHandler              
00000b47  TA3_N_IRQHandler              
00000b47  UsageFault_Handler            
4000480c  WDTCTL_SYM                    
00000b47  WDT_A_IRQHandler              
20010000  __STACK_END                   
00000200  __STACK_SIZE                  
00000b64  __TI_CINIT_Base               
00000b6c  __TI_CINIT_Limit              
00000b5c  __TI_Handler_Table_Base       
00000b64  __TI_Handler_Table_Limit      
00000aa1  __TI_auto_init_nobinit_nopinit
00000a39  __TI_decompress_lzss          
00000b2d  __TI_decompress_none          
ffffffff  __TI_pprof_out_hndl           
ffffffff  __TI_prof_data_size           
ffffffff  __TI_prof_data_start          
00000000  __TI_static_base__            
0000099d  __aeabi_memcpy                
0000099d  __aeabi_memcpy4               
0000099d  __aeabi_memcpy8               
ffffffff  __binit__                     
ffffffff  __c_args__                    
UNDEFED   __mpu_init                    
2000fe00  __stack                       
00000ae5  _c_int00_noargs               
000004bb  _initial_function_set         
000005c5  _pulse                        
000005e3  _pulse_long                   
UNDEFED   _system_post_cinit            
00000b49  _system_pre_init              
00000419  _write_data                   
00000469  _write_data_long              
00000b4d  abort                         
ffffffff  binit                         
0000058f  change_line                   
000007ad  check_key_pressed             
000005b1  clear_LCD                     
0000067f  delay_us                      
000005bb  home_LCD                      
000004e3  init_LCD                      
00000000  interruptVectors              
000008a5  main                          
0000099d  memcpy                        
00000611  set_DCO                       
00000b19  strlen                        
00000511  write_char_LCD                
00000553  write_string                  


GLOBAL SYMBOLS: SORTED BY Symbol Address 

address   name                          
-------   ----                          
00000000  __TI_static_base__            
00000000  interruptVectors              
000000e5  SystemCoreClockUpdate         
00000200  __STACK_SIZE                  
0000035d  SystemInit                    
00000419  _write_data                   
00000469  _write_data_long              
000004bb  _initial_function_set         
000004e3  init_LCD                      
00000511  write_char_LCD                
00000553  write_string                  
0000058f  change_line                   
000005b1  clear_LCD                     
000005bb  home_LCD                      
000005c5  _pulse                        
000005e3  _pulse_long                   
00000611  set_DCO                       
0000067f  delay_us                      
000007ad  check_key_pressed             
000008a5  main                          
0000099d  __aeabi_memcpy                
0000099d  __aeabi_memcpy4               
0000099d  __aeabi_memcpy8               
0000099d  memcpy                        
00000a39  __TI_decompress_lzss          
00000aa1  __TI_auto_init_nobinit_nopinit
00000ae5  _c_int00_noargs               
00000b19  strlen                        
00000b2d  __TI_decompress_none          
00000b3b  Reset_Handler                 
00000b47  ADC14_IRQHandler              
00000b47  AES256_IRQHandler             
00000b47  BusFault_Handler              
00000b47  COMP_E0_IRQHandler            
00000b47  COMP_E1_IRQHandler            
00000b47  CS_IRQHandler                 
00000b47  DMA_ERR_IRQHandler            
00000b47  DMA_INT0_IRQHandler           
00000b47  DMA_INT1_IRQHandler           
00000b47  DMA_INT2_IRQHandler           
00000b47  DMA_INT3_IRQHandler           
00000b47  DebugMon_Handler              
00000b47  Default_Handler               
00000b47  EUSCIA0_IRQHandler            
00000b47  EUSCIA1_IRQHandler            
00000b47  EUSCIA2_IRQHandler            
00000b47  EUSCIA3_IRQHandler            
00000b47  EUSCIB0_IRQHandler            
00000b47  EUSCIB1_IRQHandler            
00000b47  EUSCIB2_IRQHandler            
00000b47  EUSCIB3_IRQHandler            
00000b47  FLCTL_IRQHandler              
00000b47  FPU_IRQHandler                
00000b47  HardFault_Handler             
00000b47  MemManage_Handler             
00000b47  NMI_Handler                   
00000b47  PCM_IRQHandler                
00000b47  PORT1_IRQHandler              
00000b47  PORT2_IRQHandler              
00000b47  PORT3_IRQHandler              
00000b47  PORT4_IRQHandler              
00000b47  PORT5_IRQHandler              
00000b47  PORT6_IRQHandler              
00000b47  PSS_IRQHandler                
00000b47  PendSV_Handler                
00000b47  RTC_C_IRQHandler              
00000b47  SVC_Handler                   
00000b47  SysTick_Handler               
00000b47  T32_INT1_IRQHandler           
00000b47  T32_INT2_IRQHandler           
00000b47  T32_INTC_IRQHandler           
00000b47  TA0_0_IRQHandler              
00000b47  TA0_N_IRQHandler              
00000b47  TA1_0_IRQHandler              
00000b47  TA1_N_IRQHandler              
00000b47  TA2_0_IRQHandler              
00000b47  TA2_N_IRQHandler              
00000b47  TA3_0_IRQHandler              
00000b47  TA3_N_IRQHandler              
00000b47  UsageFault_Handler            
00000b47  WDT_A_IRQHandler              
00000b49  _system_pre_init              
00000b4d  C$$EXIT                       
00000b4d  abort                         
00000b5c  __TI_Handler_Table_Base       
00000b64  __TI_CINIT_Base               
00000b64  __TI_Handler_Table_Limit      
00000b6c  __TI_CINIT_Limit              
20000004  SystemCoreClock               
2000fe00  __stack                       
20010000  __STACK_END                   
4000480c  WDTCTL_SYM                    
ffffffff  __TI_pprof_out_hndl           
ffffffff  __TI_prof_data_size           
ffffffff  __TI_prof_data_start          
ffffffff  __binit__                     
ffffffff  __c_args__                    
ffffffff  binit                         
UNDEFED   __mpu_init                    
UNDEFED   _system_post_cinit            

[100 symbols]
