******************************************************************************
                  TI ARM Linker PC v18.12.1                    
******************************************************************************
>> Linked Wed May 29 22:23:27 2019

OUTPUT FILE NAME:   <CPE329_A11_Servo.out>
ENTRY POINT SYMBOL: "_c_int00_noargs"  address: 00000a71


MEMORY CONFIGURATION

         name            origin    length      used     unused   attr    fill
----------------------  --------  ---------  --------  --------  ----  --------
  MAIN                  00000000   00040000  00000b12  0003f4ee  R  X
  INFO                  00200000   00004000  00000000  00004000  R  X
  SRAM_CODE             01000000   00010000  0000021c  0000fde4  RW X
  SRAM_DATA             20000000   00010000  0000021c  0000fde4  RW  


SEGMENT ALLOCATION MAP

run origin  load origin   length   init length attrs members
----------  ----------- ---------- ----------- ----- -------
00000000    00000000    00000b18   00000b18    r-x
  00000000    00000000    000000e4   000000e4    r-- .intvecs
  000000e4    000000e4    000009f6   000009f6    r-x .text
  00000ae0    00000ae0    00000038   00000038    r-- .cinit
20000000    20000000    0000001c   00000000    rw-
  20000000    20000000    00000018   00000000    rw- .data
  20000018    20000018    00000004   00000000    rw- .bss
2000fe00    2000fe00    00000200   00000000    rw-
  2000fe00    2000fe00    00000200   00000000    rw- .stack


SECTION ALLOCATION MAP

 output                                  attributes/
section   page    origin      length       input sections
--------  ----  ----------  ----------   ----------------
.intvecs   0    00000000    000000e4     
                  00000000    000000e4     startup_msp432p401r_ccs.obj (.intvecs:retain)

.text      0    000000e4    000009f6     
                  000000e4    00000334     system_msp432p401r.obj (.text)
                  00000418    000001e4     main.obj (.text)
                  000005fc    000001b0     delay.obj (.text)
                  000007ac    0000017c     keypad.obj (.text)
                  00000928    0000009c     rtsv7M4_T_le_v4SPD16_eabi.lib : memcpy_t2.asm.obj (.text)
                  000009c4    00000068                                   : copy_decompress_lzss.c.obj (.text:decompress:lzss:__TI_decompress_lzss)
                  00000a2c    00000044                                   : autoinit.c.obj (.text:__TI_auto_init_nobinit_nopinit:__TI_auto_init_nobinit_nopinit)
                  00000a70    00000034                                   : boot_cortex_m.c.obj (.text:_c_int00_noargs:_c_int00_noargs)
                  00000aa4    00000012                                   : copy_zero_init.c.obj (.text:decompress:ZI:__TI_zero_init_nomemset:__TI_zero_init_nomemset)
                  00000ab6    0000000e                                   : copy_decompress_none.c.obj (.text:decompress:none:__TI_decompress_none)
                  00000ac4    0000000e     startup_msp432p401r_ccs.obj (.text)
                  00000ad2    00000004     rtsv7M4_T_le_v4SPD16_eabi.lib : pre_init.c.obj (.text:_system_pre_init)
                  00000ad6    00000004                                   : exit.c.obj (.text:abort:abort)

.cinit     0    00000ae0    00000038     
                  00000ae0    00000010     (.cinit..data.load) [load image, compression = lzss]
                  00000af0    0000000c     (__TI_handler_table)
                  00000afc    00000004     --HOLE-- [fill = 0]
                  00000b00    00000008     (.cinit..bss.load) [load image, compression = zero_init]
                  00000b08    00000010     (__TI_cinit_table)

.init_array 
*          0    00000000    00000000     UNINITIALIZED

.binit     0    00000000    00000000     

.data      0    20000000    00000018     UNINITIALIZED
                  20000000    00000014     main.obj (.data)
                  20000014    00000004     system_msp432p401r.obj (.data)

.bss       0    20000018    00000004     UNINITIALIZED
                  20000018    00000004     (.common:key)

.stack     0    2000fe00    00000200     UNINITIALIZED
                  2000fe00    00000004     rtsv7M4_T_le_v4SPD16_eabi.lib : boot_cortex_m.c.obj (.stack)
                  2000fe04    000001fc     --HOLE--

MODULE SUMMARY

       Module                        code   ro data   rw data
       ------                        ----   -------   -------
    .\
       system_msp432p401r.obj        820    0         8      
       main.obj                      484    0         48     
       delay.obj                     432    0         0      
       keypad.obj                    380    0         0      
       startup_msp432p401r_ccs.obj   14     228       0      
    +--+-----------------------------+------+---------+---------+
       Total:                        2130   228       56     
                                                             
    C:\ti\ccs900\ccs\tools\compiler\ti-cgt-arm_18.12.1.LTS\lib\rtsv7M4_T_le_v4SPD16_eabi.lib
       memcpy_t2.asm.obj             156    0         0      
       copy_decompress_lzss.c.obj    104    0         0      
       autoinit.c.obj                68     0         0      
       boot_cortex_m.c.obj           52     0         0      
       copy_zero_init.c.obj          18     0         0      
       copy_decompress_none.c.obj    14     0         0      
       exit.c.obj                    4      0         0      
       pre_init.c.obj                4      0         0      
    +--+-----------------------------+------+---------+---------+
       Total:                        420    0         0      
                                                             
       Stack:                        0      0         1024   
       Linker Generated:             0      52        0      
    +--+-----------------------------+------+---------+---------+
       Grand Total:                  2550   280       1080   


LINKER GENERATED COPY TABLES

__TI_cinit_table @ 00000b08 records: 2, size/record: 8, table size: 16
	.data: load addr=00000ae0, load size=00000010 bytes, run addr=20000000, run size=00000018 bytes, compression=lzss
	.bss: load addr=00000b00, load size=00000008 bytes, run addr=20000018, run size=00000004 bytes, compression=zero_init


LINKER GENERATED HANDLER TABLE

__TI_handler_table @ 00000af0 records: 3, size/record: 4, table size: 12
	index: 0, handler: __TI_decompress_lzss
	index: 1, handler: __TI_decompress_none
	index: 2, handler: __TI_zero_init


GLOBAL SYMBOLS: SORTED ALPHABETICALLY BY Name 

address   name                          
-------   ----                          
00000ad1  ADC14_IRQHandler              
00000ad1  AES256_IRQHandler             
00000ad1  BusFault_Handler              
00000ad7  C$$EXIT                       
00000ad1  COMP_E0_IRQHandler            
00000ad1  COMP_E1_IRQHandler            
00000ad1  CS_IRQHandler                 
00000ad1  DMA_ERR_IRQHandler            
00000ad1  DMA_INT0_IRQHandler           
00000ad1  DMA_INT1_IRQHandler           
00000ad1  DMA_INT2_IRQHandler           
00000ad1  DMA_INT3_IRQHandler           
00000ad1  DebugMon_Handler              
00000ad1  Default_Handler               
00000ad1  EUSCIA0_IRQHandler            
00000ad1  EUSCIA1_IRQHandler            
00000ad1  EUSCIA2_IRQHandler            
00000ad1  EUSCIA3_IRQHandler            
00000ad1  EUSCIB0_IRQHandler            
00000ad1  EUSCIB1_IRQHandler            
00000ad1  EUSCIB2_IRQHandler            
00000ad1  EUSCIB3_IRQHandler            
00000ad1  FLCTL_IRQHandler              
00000ad1  FPU_IRQHandler                
00000ad1  HardFault_Handler             
00000ad1  MemManage_Handler             
00000ad1  NMI_Handler                   
00000ad1  PCM_IRQHandler                
00000ad1  PORT1_IRQHandler              
00000ad1  PORT2_IRQHandler              
00000ad1  PORT3_IRQHandler              
00000ad1  PORT4_IRQHandler              
00000ad1  PORT5_IRQHandler              
00000ad1  PORT6_IRQHandler              
00000ad1  PSS_IRQHandler                
00000ad1  PendSV_Handler                
00000ad1  RTC_C_IRQHandler              
00000ac5  Reset_Handler                 
00000ad1  SVC_Handler                   
00000ad1  SysTick_Handler               
20000014  SystemCoreClock               
000000e5  SystemCoreClockUpdate         
0000035d  SystemInit                    
00000ad1  T32_INT1_IRQHandler           
00000ad1  T32_INT2_IRQHandler           
00000ad1  T32_INTC_IRQHandler           
00000475  TA0_0_IRQHandler              
00000475  TA0_0_IRQHandler              
00000ad1  TA0_N_IRQHandler              
00000ad1  TA1_0_IRQHandler              
00000ad1  TA1_N_IRQHandler              
00000ad1  TA2_0_IRQHandler              
00000ad1  TA2_N_IRQHandler              
00000ad1  TA3_0_IRQHandler              
00000ad1  TA3_N_IRQHandler              
00000ad1  UsageFault_Handler            
4000480c  WDTCTL_SYM                    
00000ad1  WDT_A_IRQHandler              
20010000  __STACK_END                   
00000200  __STACK_SIZE                  
00000b08  __TI_CINIT_Base               
00000b18  __TI_CINIT_Limit              
00000af0  __TI_Handler_Table_Base       
00000afc  __TI_Handler_Table_Limit      
00000a2d  __TI_auto_init_nobinit_nopinit
000009c5  __TI_decompress_lzss          
00000ab7  __TI_decompress_none          
ffffffff  __TI_pprof_out_hndl           
ffffffff  __TI_prof_data_size           
ffffffff  __TI_prof_data_start          
00000000  __TI_static_base__            
00000aa5  __TI_zero_init_nomemset       
00000929  __aeabi_memcpy                
00000929  __aeabi_memcpy4               
00000929  __aeabi_memcpy8               
ffffffff  __binit__                     
ffffffff  __c_args__                    
UNDEFED   __mpu_init                    
2000fe00  __stack                       
00000a71  _c_int00_noargs               
UNDEFED   _system_post_cinit            
00000ad3  _system_pre_init              
00000ad7  abort                         
00000419  adjust_angle                  
20000008  angle                         
2000000c  angle_set                     
ffffffff  binit                         
000007ad  check_key_pressed             
0000045d  decrement_angle               
00000775  delay_ms                      
0000066b  delay_us                      
00000445  increment_angle               
000008af  init_keypad                   
00000507  init_servo                    
000004df  init_timer                    
00000000  interruptVectors              
20000018  key                           
20000000  key_one                       
20000004  key_two                       
00000539  main                          
00000929  memcpy                        
20000010  outputting                    
00000527  reset_keys                    
000005fd  set_DCO                       


GLOBAL SYMBOLS: SORTED BY Symbol Address 

address   name                          
-------   ----                          
00000000  __TI_static_base__            
00000000  interruptVectors              
000000e5  SystemCoreClockUpdate         
00000200  __STACK_SIZE                  
0000035d  SystemInit                    
00000419  adjust_angle                  
00000445  increment_angle               
0000045d  decrement_angle               
00000475  TA0_0_IRQHandler              
00000475  TA0_0_IRQHandler              
000004df  init_timer                    
00000507  init_servo                    
00000527  reset_keys                    
00000539  main                          
000005fd  set_DCO                       
0000066b  delay_us                      
00000775  delay_ms                      
000007ad  check_key_pressed             
000008af  init_keypad                   
00000929  __aeabi_memcpy                
00000929  __aeabi_memcpy4               
00000929  __aeabi_memcpy8               
00000929  memcpy                        
000009c5  __TI_decompress_lzss          
00000a2d  __TI_auto_init_nobinit_nopinit
00000a71  _c_int00_noargs               
00000aa5  __TI_zero_init_nomemset       
00000ab7  __TI_decompress_none          
00000ac5  Reset_Handler                 
00000ad1  ADC14_IRQHandler              
00000ad1  AES256_IRQHandler             
00000ad1  BusFault_Handler              
00000ad1  COMP_E0_IRQHandler            
00000ad1  COMP_E1_IRQHandler            
00000ad1  CS_IRQHandler                 
00000ad1  DMA_ERR_IRQHandler            
00000ad1  DMA_INT0_IRQHandler           
00000ad1  DMA_INT1_IRQHandler           
00000ad1  DMA_INT2_IRQHandler           
00000ad1  DMA_INT3_IRQHandler           
00000ad1  DebugMon_Handler              
00000ad1  Default_Handler               
00000ad1  EUSCIA0_IRQHandler            
00000ad1  EUSCIA1_IRQHandler            
00000ad1  EUSCIA2_IRQHandler            
00000ad1  EUSCIA3_IRQHandler            
00000ad1  EUSCIB0_IRQHandler            
00000ad1  EUSCIB1_IRQHandler            
00000ad1  EUSCIB2_IRQHandler            
00000ad1  EUSCIB3_IRQHandler            
00000ad1  FLCTL_IRQHandler              
00000ad1  FPU_IRQHandler                
00000ad1  HardFault_Handler             
00000ad1  MemManage_Handler             
00000ad1  NMI_Handler                   
00000ad1  PCM_IRQHandler                
00000ad1  PORT1_IRQHandler              
00000ad1  PORT2_IRQHandler              
00000ad1  PORT3_IRQHandler              
00000ad1  PORT4_IRQHandler              
00000ad1  PORT5_IRQHandler              
00000ad1  PORT6_IRQHandler              
00000ad1  PSS_IRQHandler                
00000ad1  PendSV_Handler                
00000ad1  RTC_C_IRQHandler              
00000ad1  SVC_Handler                   
00000ad1  SysTick_Handler               
00000ad1  T32_INT1_IRQHandler           
00000ad1  T32_INT2_IRQHandler           
00000ad1  T32_INTC_IRQHandler           
00000ad1  TA0_N_IRQHandler              
00000ad1  TA1_0_IRQHandler              
00000ad1  TA1_N_IRQHandler              
00000ad1  TA2_0_IRQHandler              
00000ad1  TA2_N_IRQHandler              
00000ad1  TA3_0_IRQHandler              
00000ad1  TA3_N_IRQHandler              
00000ad1  UsageFault_Handler            
00000ad1  WDT_A_IRQHandler              
00000ad3  _system_pre_init              
00000ad7  C$$EXIT                       
00000ad7  abort                         
00000af0  __TI_Handler_Table_Base       
00000afc  __TI_Handler_Table_Limit      
00000b08  __TI_CINIT_Base               
00000b18  __TI_CINIT_Limit              
20000000  key_one                       
20000004  key_two                       
20000008  angle                         
2000000c  angle_set                     
20000010  outputting                    
20000014  SystemCoreClock               
20000018  key                           
2000fe00  __stack                       
20010000  __STACK_END                   
4000480c  WDTCTL_SYM                    
ffffffff  __TI_pprof_out_hndl           
ffffffff  __TI_prof_data_size           
ffffffff  __TI_prof_data_start          
ffffffff  __binit__                     
ffffffff  __c_args__                    
ffffffff  binit                         
UNDEFED   __mpu_init                    
UNDEFED   _system_post_cinit            

[104 symbols]
