******************************************************************************
                  TI ARM Linker PC v18.12.1                    
******************************************************************************
>> Linked Fri Apr 12 18:42:11 2019

OUTPUT FILE NAME:   <CPE329_A3_LCD.out>
ENTRY POINT SYMBOL: "_c_int00_noargs"  address: 00000925


MEMORY CONFIGURATION

         name            origin    length      used     unused   attr    fill
----------------------  --------  ---------  --------  --------  ----  --------
  MAIN                  00000000   00040000  000009a8  0003f658  R  X
  INFO                  00200000   00004000  00000000  00004000  R  X
  SRAM_CODE             01000000   00010000  00000204  0000fdfc  RW X
  SRAM_DATA             20000000   00010000  00000204  0000fdfc  RW  


SEGMENT ALLOCATION MAP

run origin  load origin   length   init length attrs members
----------  ----------- ---------- ----------- ----- -------
00000000    00000000    000009a8   000009a8    r-x
  00000000    00000000    000000e4   000000e4    r-- .intvecs
  000000e4    000000e4    000008ac   000008ac    r-x .text
  00000990    00000990    00000018   00000018    r-- .cinit
20000000    20000000    00000004   00000000    rw-
  20000000    20000000    00000004   00000000    rw- .data
2000fe00    2000fe00    00000200   00000000    rw-
  2000fe00    2000fe00    00000200   00000000    rw- .stack


SECTION ALLOCATION MAP

 output                                  attributes/
section   page    origin      length       input sections
--------  ----  ----------  ----------   ----------------
.intvecs   0    00000000    000000e4     
                  00000000    000000e4     startup_msp432p401r_ccs.obj (.intvecs:retain)

.text      0    000000e4    000008ac     
                  000000e4    00000334     system_msp432p401r.obj (.text)
                  00000418    0000019c     delay.obj (.text)
                  000005b4    0000018c     lcd.obj (.text)
                  00000740    0000009c     main.obj (.text)
                  000007dc    0000009c     rtsv7M4_T_le_v4SPD16_eabi.lib : memcpy_t2.asm.obj (.text)
                  00000878    00000068                                   : copy_decompress_lzss.c.obj (.text:decompress:lzss:__TI_decompress_lzss)
                  000008e0    00000044                                   : autoinit.c.obj (.text:__TI_auto_init_nobinit_nopinit:__TI_auto_init_nobinit_nopinit)
                  00000924    00000034                                   : boot_cortex_m.c.obj (.text:_c_int00_noargs:_c_int00_noargs)
                  00000958    00000014                                   : strlen.c.obj (.text:strlen)
                  0000096c    0000000e                                   : copy_decompress_none.c.obj (.text:decompress:none:__TI_decompress_none)
                  0000097a    0000000e     startup_msp432p401r_ccs.obj (.text)
                  00000988    00000004     rtsv7M4_T_le_v4SPD16_eabi.lib : pre_init.c.obj (.text:_system_pre_init)
                  0000098c    00000004                                   : exit.c.obj (.text:abort:abort)

.cinit     0    00000990    00000018     
                  00000990    00000008     (.cinit..data.load) [load image, compression = lzss]
                  00000998    00000008     (__TI_handler_table)
                  000009a0    00000008     (__TI_cinit_table)

.init_array 
*          0    00000000    00000000     UNINITIALIZED

.binit     0    00000000    00000000     

.data      0    20000000    00000004     UNINITIALIZED
                  20000000    00000004     system_msp432p401r.obj (.data)

.stack     0    2000fe00    00000200     UNINITIALIZED
                  2000fe00    00000004     rtsv7M4_T_le_v4SPD16_eabi.lib : boot_cortex_m.c.obj (.stack)
                  2000fe04    000001fc     --HOLE--

MODULE SUMMARY

       Module                        code   ro data   rw data
       ------                        ----   -------   -------
    .\
       system_msp432p401r.obj        820    0         8      
       delay.obj                     412    0         0      
       lcd.obj                       396    0         0      
       startup_msp432p401r_ccs.obj   14     228       0      
       main.obj                      156    0         0      
    +--+-----------------------------+------+---------+---------+
       Total:                        1798   228       8      
                                                             
    C:\ti\ccs900\ccs\tools\compiler\ti-cgt-arm_18.12.1.LTS\lib\rtsv7M4_T_le_v4SPD16_eabi.lib
       memcpy_t2.asm.obj             156    0         0      
       copy_decompress_lzss.c.obj    104    0         0      
       autoinit.c.obj                68     0         0      
       boot_cortex_m.c.obj           52     0         0      
       strlen.c.obj                  20     0         0      
       copy_decompress_none.c.obj    14     0         0      
       exit.c.obj                    4      0         0      
       pre_init.c.obj                4      0         0      
    +--+-----------------------------+------+---------+---------+
       Total:                        422    0         0      
                                                             
       Stack:                        0      0         1024   
       Linker Generated:             0      24        0      
    +--+-----------------------------+------+---------+---------+
       Grand Total:                  2220   252       1032   


LINKER GENERATED COPY TABLES

__TI_cinit_table @ 000009a0 records: 1, size/record: 8, table size: 8
	.data: load addr=00000990, load size=00000008 bytes, run addr=20000000, run size=00000004 bytes, compression=lzss


LINKER GENERATED HANDLER TABLE

__TI_handler_table @ 00000998 records: 2, size/record: 4, table size: 8
	index: 0, handler: __TI_decompress_lzss
	index: 1, handler: __TI_decompress_none


GLOBAL SYMBOLS: SORTED ALPHABETICALLY BY Name 

address   name                          
-------   ----                          
00000987  ADC14_IRQHandler              
00000987  AES256_IRQHandler             
00000987  BusFault_Handler              
0000098d  C$$EXIT                       
00000987  COMP_E0_IRQHandler            
00000987  COMP_E1_IRQHandler            
00000987  CS_IRQHandler                 
00000987  DMA_ERR_IRQHandler            
00000987  DMA_INT0_IRQHandler           
00000987  DMA_INT1_IRQHandler           
00000987  DMA_INT2_IRQHandler           
00000987  DMA_INT3_IRQHandler           
00000987  DebugMon_Handler              
00000987  Default_Handler               
00000987  EUSCIA0_IRQHandler            
00000987  EUSCIA1_IRQHandler            
00000987  EUSCIA2_IRQHandler            
00000987  EUSCIA3_IRQHandler            
00000987  EUSCIB0_IRQHandler            
00000987  EUSCIB1_IRQHandler            
00000987  EUSCIB2_IRQHandler            
00000987  EUSCIB3_IRQHandler            
00000987  FLCTL_IRQHandler              
00000987  FPU_IRQHandler                
00000987  HardFault_Handler             
00000987  MemManage_Handler             
00000987  NMI_Handler                   
00000987  PCM_IRQHandler                
00000987  PORT1_IRQHandler              
00000987  PORT2_IRQHandler              
00000987  PORT3_IRQHandler              
00000987  PORT4_IRQHandler              
00000987  PORT5_IRQHandler              
00000987  PORT6_IRQHandler              
00000987  PSS_IRQHandler                
00000987  PendSV_Handler                
00000987  RTC_C_IRQHandler              
0000097b  Reset_Handler                 
00000987  SVC_Handler                   
00000987  SysTick_Handler               
20000000  SystemCoreClock               
000000e5  SystemCoreClockUpdate         
0000035d  SystemInit                    
00000987  T32_INT1_IRQHandler           
00000987  T32_INT2_IRQHandler           
00000987  T32_INTC_IRQHandler           
00000987  TA0_0_IRQHandler              
00000987  TA0_N_IRQHandler              
00000987  TA1_0_IRQHandler              
00000987  TA1_N_IRQHandler              
00000987  TA2_0_IRQHandler              
00000987  TA2_N_IRQHandler              
00000987  TA3_0_IRQHandler              
00000987  TA3_N_IRQHandler              
00000987  UsageFault_Handler            
4000480c  WDTCTL_SYM                    
00000987  WDT_A_IRQHandler              
20010000  __STACK_END                   
00000200  __STACK_SIZE                  
000009a0  __TI_CINIT_Base               
000009a8  __TI_CINIT_Limit              
00000998  __TI_Handler_Table_Base       
000009a0  __TI_Handler_Table_Limit      
000008e1  __TI_auto_init_nobinit_nopinit
00000879  __TI_decompress_lzss          
0000096d  __TI_decompress_none          
ffffffff  __TI_pprof_out_hndl           
ffffffff  __TI_prof_data_size           
ffffffff  __TI_prof_data_start          
00000000  __TI_static_base__            
000007dd  __aeabi_memcpy                
000007dd  __aeabi_memcpy4               
000007dd  __aeabi_memcpy8               
ffffffff  __binit__                     
ffffffff  __c_args__                    
UNDEFED   __mpu_init                    
2000fe00  __stack                       
00000925  _c_int00_noargs               
UNDEFED   _system_post_cinit            
00000989  _system_pre_init              
0000098d  abort                         
ffffffff  binit                         
000006dd  changeLine                    
000006a7  clearLCD                      
00000487  delay_us                      
0000069b  displayOn                     
000006b5  entryMode                     
0000068f  functionSet                   
0000070b  homeLCD                       
000006c1  initLCD                       
0000065f  initialFunctionSet            
00000000  interruptVectors              
00000741  main                          
000007dd  memcpy                        
00000615  output                        
00000419  set_DCO                       
00000959  strlen                        
00000719  toggleE                       
00000637  writeStringLCD                
000005e1  write_char                    
000005b5  write_data                    


GLOBAL SYMBOLS: SORTED BY Symbol Address 

address   name                          
-------   ----                          
00000000  __TI_static_base__            
00000000  interruptVectors              
000000e5  SystemCoreClockUpdate         
00000200  __STACK_SIZE                  
0000035d  SystemInit                    
00000419  set_DCO                       
00000487  delay_us                      
000005b5  write_data                    
000005e1  write_char                    
00000615  output                        
00000637  writeStringLCD                
0000065f  initialFunctionSet            
0000068f  functionSet                   
0000069b  displayOn                     
000006a7  clearLCD                      
000006b5  entryMode                     
000006c1  initLCD                       
000006dd  changeLine                    
0000070b  homeLCD                       
00000719  toggleE                       
00000741  main                          
000007dd  __aeabi_memcpy                
000007dd  __aeabi_memcpy4               
000007dd  __aeabi_memcpy8               
000007dd  memcpy                        
00000879  __TI_decompress_lzss          
000008e1  __TI_auto_init_nobinit_nopinit
00000925  _c_int00_noargs               
00000959  strlen                        
0000096d  __TI_decompress_none          
0000097b  Reset_Handler                 
00000987  ADC14_IRQHandler              
00000987  AES256_IRQHandler             
00000987  BusFault_Handler              
00000987  COMP_E0_IRQHandler            
00000987  COMP_E1_IRQHandler            
00000987  CS_IRQHandler                 
00000987  DMA_ERR_IRQHandler            
00000987  DMA_INT0_IRQHandler           
00000987  DMA_INT1_IRQHandler           
00000987  DMA_INT2_IRQHandler           
00000987  DMA_INT3_IRQHandler           
00000987  DebugMon_Handler              
00000987  Default_Handler               
00000987  EUSCIA0_IRQHandler            
00000987  EUSCIA1_IRQHandler            
00000987  EUSCIA2_IRQHandler            
00000987  EUSCIA3_IRQHandler            
00000987  EUSCIB0_IRQHandler            
00000987  EUSCIB1_IRQHandler            
00000987  EUSCIB2_IRQHandler            
00000987  EUSCIB3_IRQHandler            
00000987  FLCTL_IRQHandler              
00000987  FPU_IRQHandler                
00000987  HardFault_Handler             
00000987  MemManage_Handler             
00000987  NMI_Handler                   
00000987  PCM_IRQHandler                
00000987  PORT1_IRQHandler              
00000987  PORT2_IRQHandler              
00000987  PORT3_IRQHandler              
00000987  PORT4_IRQHandler              
00000987  PORT5_IRQHandler              
00000987  PORT6_IRQHandler              
00000987  PSS_IRQHandler                
00000987  PendSV_Handler                
00000987  RTC_C_IRQHandler              
00000987  SVC_Handler                   
00000987  SysTick_Handler               
00000987  T32_INT1_IRQHandler           
00000987  T32_INT2_IRQHandler           
00000987  T32_INTC_IRQHandler           
00000987  TA0_0_IRQHandler              
00000987  TA0_N_IRQHandler              
00000987  TA1_0_IRQHandler              
00000987  TA1_N_IRQHandler              
00000987  TA2_0_IRQHandler              
00000987  TA2_N_IRQHandler              
00000987  TA3_0_IRQHandler              
00000987  TA3_N_IRQHandler              
00000987  UsageFault_Handler            
00000987  WDT_A_IRQHandler              
00000989  _system_pre_init              
0000098d  C$$EXIT                       
0000098d  abort                         
00000998  __TI_Handler_Table_Base       
000009a0  __TI_CINIT_Base               
000009a0  __TI_Handler_Table_Limit      
000009a8  __TI_CINIT_Limit              
20000000  SystemCoreClock               
2000fe00  __stack                       
20010000  __STACK_END                   
4000480c  WDTCTL_SYM                    
ffffffff  __TI_pprof_out_hndl           
ffffffff  __TI_prof_data_size           
ffffffff  __TI_prof_data_start          
ffffffff  __binit__                     
ffffffff  __c_args__                    
ffffffff  binit                         
UNDEFED   __mpu_init                    
UNDEFED   _system_post_cinit            

[101 symbols]
