******************************************************************************
                  TI ARM Linker PC v18.12.1                    
******************************************************************************
>> Linked Wed Jun  5 09:57:34 2019

OUTPUT FILE NAME:   <CPE329_FinalProject.out>
ENTRY POINT SYMBOL: "_c_int00_noargs"  address: 00002641


MEMORY CONFIGURATION

         name            origin    length      used     unused   attr    fill
----------------------  --------  ---------  --------  --------  ----  --------
  MAIN                  00000000   00040000  00002881  0003d77f  R  X
  INFO                  00200000   00004000  00000000  00004000  R  X
  SRAM_CODE             01000000   00010000  0000020c  0000fdf4  RW X
  SRAM_DATA             20000000   00010000  0000020c  0000fdf4  RW  


SEGMENT ALLOCATION MAP

run origin  load origin   length   init length attrs members
----------  ----------- ---------- ----------- ----- -------
00000000    00000000    00002884   00002884    r-x
  00000000    00000000    000000e4   000000e4    r-- .intvecs
  000000e4    000000e4    00002680   00002680    r-x .text
  00002764    00002764    00000101   00000101    r-- .const
  00002868    00002868    0000001c   0000001c    r-- .cinit
20000000    20000000    0000000c   00000000    rw-
  20000000    20000000    0000000c   00000000    rw- .data
2000fe00    2000fe00    00000200   00000000    rw-
  2000fe00    2000fe00    00000200   00000000    rw- .stack


SECTION ALLOCATION MAP

 output                                  attributes/
section   page    origin      length       input sections
--------  ----  ----------  ----------   ----------------
.intvecs   0    00000000    000000e4     
                  00000000    000000e4     startup_msp432p401r_ccs.obj (.intvecs:retain)

.text      0    000000e4    00002680     
                  000000e4    00000a4e     rtsv7M4_T_le_v4SPD16_eabi.lib : _printfi.c.obj (.text:__TI_printfi)
                  00000b32    00000002                                   : div0.asm.obj (.text)
                  00000b34    00000334     system_msp432p401r.obj (.text)
                  00000e68    00000270     rtsv7M4_T_le_v4SPD16_eabi.lib : _printfi.c.obj (.text:_pconv_a)
                  000010d8    0000026c     lcd.obj (.text)
                  00001344    000001d0     rtsv7M4_T_le_v4SPD16_eabi.lib : _printfi.c.obj (.text:_pconv_g)
                  00001514    000001b6                                   : fd_add_t2.asm.obj (.text)
                  000016ca    00000002     --HOLE-- [fill = 0]
                  000016cc    000001b0     delay.obj (.text)
                  0000187c    0000013c     rtsv7M4_T_le_v4SPD16_eabi.lib : _printfi.c.obj (.text:_pconv_e)
                  000019b8    00000136                                   : fd_div_t2.asm.obj (.text)
                  00001aee    00000002     --HOLE-- [fill = 0]
                  00001af0    00000124                                   : _printfi.c.obj (.text:fcvt)
                  00001c14    00000110                                   : s_scalbn.c.obj (.text:scalbn)
                  00001d24    000000fc                                   : fd_mul_t2.asm.obj (.text)
                  00001e20    000000f0     main.obj (.text)
                  00001f10    000000b1     rtsv7M4_T_le_v4SPD16_eabi.lib : _printfi.c.obj (.text:_ltostr)
                  00001fc1    00000001     --HOLE-- [fill = 0]
                  00001fc2    0000009c                                   : memcpy_t2.asm.obj (.text)
                  0000205e    00000096                                   : ull_div_t2.asm.obj (.text)
                  000020f4    00000086                                   : fd_cmp_t2.asm.obj (.text:__aeabi_cdcmple)
                  0000217a    00000086                                   : fd_cmp_t2.asm.obj (.text:__aeabi_cdrcmple)
                  00002200    0000007a                                   : memset_t2.asm.obj (.text)
                  0000227a    0000006e                                   : _printfi.c.obj (.text:_mcpy)
                  000022e8    00000068                                   : copy_decompress_lzss.c.obj (.text:decompress:lzss:__TI_decompress_lzss)
                  00002350    00000064                                   : s_frexp.c.obj (.text:frexp)
                  000023b4    00000056                                   : _printfi.c.obj (.text:_pconv_f)
                  0000240a    00000054                                   : ltoa.c.obj (.text:ltoa)
                  0000245e    00000052                                   : _printfi.c.obj (.text:_ecpy)
                  000024b0    0000004c                                   : atoi.c.obj (.text:atoi)
                  000024fc    00000048                                   : fd_toi_t2.asm.obj (.text)
                  00002544    00000044                                   : autoinit.c.obj (.text:__TI_auto_init_nobinit_nopinit:__TI_auto_init_nobinit_nopinit)
                  00002588    00000040                                   : sprintf.c.obj (.text:sprintf)
                  000025c8    0000003e                                   : _printfi.c.obj (.text:_fcpy)
                  00002606    00000038                                   : fs_tod_t2.asm.obj (.text)
                  0000263e    00000002     --HOLE-- [fill = 0]
                  00002640    00000034                                   : boot_cortex_m.c.obj (.text:_c_int00_noargs:_c_int00_noargs)
                  00002674    0000002e                                   : i_tofd_t2.asm.obj (.text)
                  000026a2    0000001c                                   : memccpy.c.obj (.text:memccpy)
                  000026be    0000001a                                   : s_copysign.c.obj (.text:copysign)
                  000026d8    00000018                                   : sprintf.c.obj (.text:_outs)
                  000026f0    00000016                                   : strchr.c.obj (.text:strchr)
                  00002706    00000014                                   : strlen.c.obj (.text:strlen)
                  0000271a    00000012                                   : wcslen.c.obj (.text:wcslen)
                  0000272c    0000000e                                   : copy_decompress_none.c.obj (.text:decompress:none:__TI_decompress_none)
                  0000273a    0000000e     startup_msp432p401r_ccs.obj (.text)
                  00002748    0000000a     rtsv7M4_T_le_v4SPD16_eabi.lib : sprintf.c.obj (.text:_outc)
                  00002752    00000002     --HOLE-- [fill = 0]
                  00002754    00000008                                   : errno.c.obj (.text:__aeabi_errno_addr)
                  0000275c    00000004                                   : pre_init.c.obj (.text:_system_pre_init)
                  00002760    00000004                                   : exit.c.obj (.text:abort:abort)

.const     0    00002764    00000101     
                  00002764    00000101     rtsv7M4_T_le_v4SPD16_eabi.lib : ctype.c.obj (.const:.string:_ctypes_)

.cinit     0    00002868    0000001c     
                  00002868    0000000b     (.cinit..data.load) [load image, compression = lzss]
                  00002873    00000001     --HOLE-- [fill = 0]
                  00002874    00000008     (__TI_handler_table)
                  0000287c    00000008     (__TI_cinit_table)

.init_array 
*          0    00000000    00000000     UNINITIALIZED

.binit     0    00000000    00000000     

.data      0    20000000    0000000c     UNINITIALIZED
                  20000000    00000004     lcd.obj (.data)
                  20000004    00000004     rtsv7M4_T_le_v4SPD16_eabi.lib : errno.c.obj (.data)
                  20000008    00000004     system_msp432p401r.obj (.data)

.stack     0    2000fe00    00000200     UNINITIALIZED
                  2000fe00    00000004     rtsv7M4_T_le_v4SPD16_eabi.lib : boot_cortex_m.c.obj (.stack)
                  2000fe04    000001fc     --HOLE--

MODULE SUMMARY

       Module                        code   ro data   rw data
       ------                        ----   -------   -------
    .\
       system_msp432p401r.obj        820    0         8      
       lcd.obj                       620    0         8      
       delay.obj                     432    0         0      
       startup_msp432p401r_ccs.obj   14     228       0      
       main.obj                      240    0         0      
    +--+-----------------------------+------+---------+---------+
       Total:                        2126   228       16     
                                                             
    C:\ti\ccs900\ccs\tools\compiler\ti-cgt-arm_18.12.1.LTS\lib\rtsv7M4_T_le_v4SPD16_eabi.lib
       _printfi.c.obj                4851   0         0      
       fd_add_t2.asm.obj             438    0         0      
       fd_div_t2.asm.obj             310    0         0      
       s_scalbn.c.obj                272    0         0      
       fd_cmp_t2.asm.obj             268    0         0      
       ctype.c.obj                   0      257       0      
       fd_mul_t2.asm.obj             252    0         0      
       memcpy_t2.asm.obj             156    0         0      
       ull_div_t2.asm.obj            150    0         0      
       memset_t2.asm.obj             122    0         0      
       copy_decompress_lzss.c.obj    104    0         0      
       s_frexp.c.obj                 100    0         0      
       sprintf.c.obj                 98     0         0      
       ltoa.c.obj                    84     0         0      
       atoi.c.obj                    76     0         0      
       fd_toi_t2.asm.obj             72     0         0      
       autoinit.c.obj                68     0         0      
       fs_tod_t2.asm.obj             56     0         0      
       boot_cortex_m.c.obj           52     0         0      
       i_tofd_t2.asm.obj             46     0         0      
       memccpy.c.obj                 28     0         0      
       s_copysign.c.obj              26     0         0      
       strchr.c.obj                  22     0         0      
       strlen.c.obj                  20     0         0      
       wcslen.c.obj                  18     0         0      
       errno.c.obj                   8      0         8      
       copy_decompress_none.c.obj    14     0         0      
       exit.c.obj                    4      0         0      
       pre_init.c.obj                4      0         0      
       div0.asm.obj                  2      0         0      
    +--+-----------------------------+------+---------+---------+
       Total:                        7721   257       8      
                                                             
       Stack:                        0      0         1024   
       Linker Generated:             0      27        0      
    +--+-----------------------------+------+---------+---------+
       Grand Total:                  9847   512       1048   


LINKER GENERATED COPY TABLES

__TI_cinit_table @ 0000287c records: 1, size/record: 8, table size: 8
	.data: load addr=00002868, load size=0000000b bytes, run addr=20000000, run size=0000000c bytes, compression=lzss


LINKER GENERATED HANDLER TABLE

__TI_handler_table @ 00002874 records: 2, size/record: 4, table size: 8
	index: 0, handler: __TI_decompress_lzss
	index: 1, handler: __TI_decompress_none


GLOBAL SYMBOLS: SORTED ALPHABETICALLY BY Name 

address   name                          
-------   ----                          
00002747  ADC14_IRQHandler              
00002747  AES256_IRQHandler             
00002747  BusFault_Handler              
00002761  C$$EXIT                       
00002747  COMP_E0_IRQHandler            
00002747  COMP_E1_IRQHandler            
00002747  CS_IRQHandler                 
00002747  DMA_ERR_IRQHandler            
00002747  DMA_INT0_IRQHandler           
00002747  DMA_INT1_IRQHandler           
00002747  DMA_INT2_IRQHandler           
00002747  DMA_INT3_IRQHandler           
00002747  DebugMon_Handler              
00002747  Default_Handler               
00002747  EUSCIA0_IRQHandler            
00002747  EUSCIA1_IRQHandler            
00002747  EUSCIA2_IRQHandler            
00002747  EUSCIA3_IRQHandler            
00002747  EUSCIB0_IRQHandler            
00002747  EUSCIB1_IRQHandler            
00002747  EUSCIB2_IRQHandler            
00002747  EUSCIB3_IRQHandler            
00002747  FLCTL_IRQHandler              
00002747  FPU_IRQHandler                
00002747  HardFault_Handler             
00002747  MemManage_Handler             
00002747  NMI_Handler                   
00002747  PCM_IRQHandler                
00002747  PORT1_IRQHandler              
00002747  PORT2_IRQHandler              
00002747  PORT3_IRQHandler              
00002747  PORT4_IRQHandler              
00002747  PORT5_IRQHandler              
00002747  PORT6_IRQHandler              
00002747  PSS_IRQHandler                
00002747  PendSV_Handler                
00002747  RTC_C_IRQHandler              
0000273b  Reset_Handler                 
00002747  SVC_Handler                   
00002747  SysTick_Handler               
20000008  SystemCoreClock               
00000b35  SystemCoreClockUpdate         
00000dad  SystemInit                    
00002747  T32_INT1_IRQHandler           
00002747  T32_INT2_IRQHandler           
00002747  T32_INTC_IRQHandler           
00002747  TA0_0_IRQHandler              
00002747  TA0_N_IRQHandler              
00002747  TA1_0_IRQHandler              
00002747  TA1_N_IRQHandler              
00002747  TA2_0_IRQHandler              
00002747  TA2_N_IRQHandler              
00002747  TA3_0_IRQHandler              
00002747  TA3_N_IRQHandler              
00002747  UsageFault_Handler            
4000480c  WDTCTL_SYM                    
00002747  WDT_A_IRQHandler              
20010000  __STACK_END                   
00000200  __STACK_SIZE                  
0000287c  __TI_CINIT_Base               
00002884  __TI_CINIT_Limit              
00002874  __TI_Handler_Table_Base       
0000287c  __TI_Handler_Table_Limit      
00002545  __TI_auto_init_nobinit_nopinit
000022e9  __TI_decompress_lzss          
0000272d  __TI_decompress_none          
ffffffff  __TI_pprof_out_hndl           
000000e5  __TI_printfi                  
ffffffff  __TI_prof_data_size           
ffffffff  __TI_prof_data_start          
00000000  __TI_static_base__            
000020f5  __aeabi_cdcmpeq               
000020f5  __aeabi_cdcmple               
0000217b  __aeabi_cdrcmple              
000024fd  __aeabi_d2iz                  
0000151f  __aeabi_dadd                  
000019b9  __aeabi_ddiv                  
00001d25  __aeabi_dmul                  
00001515  __aeabi_dsub                  
00002755  __aeabi_errno_addr            
00002607  __aeabi_f2d                   
00002675  __aeabi_i2d                   
00000b33  __aeabi_idiv0                 
00000b33  __aeabi_ldiv0                 
00002201  __aeabi_memclr                
00002201  __aeabi_memclr4               
00002201  __aeabi_memclr8               
00001fc3  __aeabi_memcpy                
00001fc3  __aeabi_memcpy4               
00001fc3  __aeabi_memcpy8               
00002203  __aeabi_memset                
00002203  __aeabi_memset4               
00002203  __aeabi_memset8               
0000205f  __aeabi_uldivmod              
ffffffff  __binit__                     
ffffffff  __c_args__                    
UNDEFED   __mpu_init                    
2000fe00  __stack                       
00002641  _c_int00_noargs               
00002764  _ctypes_                      
0000117b  _initial_function_set         
000012e1  _pulse                        
000012ff  _pulse_long                   
UNDEFED   _system_post_cinit            
0000275d  _system_pre_init              
000010d9  _write_data                   
00001129  _write_data_long              
00002761  abort                         
000024b1  atoi                          
ffffffff  binit                         
0000128b  change_line                   
000012ad  change_to_line                
000012cd  clear_LCD                     
000026bf  copysign                      
000026bf  copysignl                     
00001845  delay_ms                      
0000173b  delay_us                      
20000004  errno                         
00002351  frexp                         
00002351  frexpl                        
000012d7  home_LCD                      
000011a3  init_LCD                      
00000000  interruptVectors              
00001c15  ldexp                         
00001c15  ldexpl                        
0000240b  ltoa                          
00001e21  main                          
000026a3  memccpy                       
00001fc3  memcpy                        
00002209  memset                        
00001c15  scalbn                        
00001c15  scalbnl                       
000016cd  set_DCO                       
00002589  sprintf                       
000026f1  strchr                        
00002707  strlen                        
0000271b  wcslen                        
0000120d  write_char_LCD                
0000124f  write_string                  


GLOBAL SYMBOLS: SORTED BY Symbol Address 

address   name                          
-------   ----                          
00000000  __TI_static_base__            
00000000  interruptVectors              
000000e5  __TI_printfi                  
00000200  __STACK_SIZE                  
00000b33  __aeabi_idiv0                 
00000b33  __aeabi_ldiv0                 
00000b35  SystemCoreClockUpdate         
00000dad  SystemInit                    
000010d9  _write_data                   
00001129  _write_data_long              
0000117b  _initial_function_set         
000011a3  init_LCD                      
0000120d  write_char_LCD                
0000124f  write_string                  
0000128b  change_line                   
000012ad  change_to_line                
000012cd  clear_LCD                     
000012d7  home_LCD                      
000012e1  _pulse                        
000012ff  _pulse_long                   
00001515  __aeabi_dsub                  
0000151f  __aeabi_dadd                  
000016cd  set_DCO                       
0000173b  delay_us                      
00001845  delay_ms                      
000019b9  __aeabi_ddiv                  
00001c15  ldexp                         
00001c15  ldexpl                        
00001c15  scalbn                        
00001c15  scalbnl                       
00001d25  __aeabi_dmul                  
00001e21  main                          
00001fc3  __aeabi_memcpy                
00001fc3  __aeabi_memcpy4               
00001fc3  __aeabi_memcpy8               
00001fc3  memcpy                        
0000205f  __aeabi_uldivmod              
000020f5  __aeabi_cdcmpeq               
000020f5  __aeabi_cdcmple               
0000217b  __aeabi_cdrcmple              
00002201  __aeabi_memclr                
00002201  __aeabi_memclr4               
00002201  __aeabi_memclr8               
00002203  __aeabi_memset                
00002203  __aeabi_memset4               
00002203  __aeabi_memset8               
00002209  memset                        
000022e9  __TI_decompress_lzss          
00002351  frexp                         
00002351  frexpl                        
0000240b  ltoa                          
000024b1  atoi                          
000024fd  __aeabi_d2iz                  
00002545  __TI_auto_init_nobinit_nopinit
00002589  sprintf                       
00002607  __aeabi_f2d                   
00002641  _c_int00_noargs               
00002675  __aeabi_i2d                   
000026a3  memccpy                       
000026bf  copysign                      
000026bf  copysignl                     
000026f1  strchr                        
00002707  strlen                        
0000271b  wcslen                        
0000272d  __TI_decompress_none          
0000273b  Reset_Handler                 
00002747  ADC14_IRQHandler              
00002747  AES256_IRQHandler             
00002747  BusFault_Handler              
00002747  COMP_E0_IRQHandler            
00002747  COMP_E1_IRQHandler            
00002747  CS_IRQHandler                 
00002747  DMA_ERR_IRQHandler            
00002747  DMA_INT0_IRQHandler           
00002747  DMA_INT1_IRQHandler           
00002747  DMA_INT2_IRQHandler           
00002747  DMA_INT3_IRQHandler           
00002747  DebugMon_Handler              
00002747  Default_Handler               
00002747  EUSCIA0_IRQHandler            
00002747  EUSCIA1_IRQHandler            
00002747  EUSCIA2_IRQHandler            
00002747  EUSCIA3_IRQHandler            
00002747  EUSCIB0_IRQHandler            
00002747  EUSCIB1_IRQHandler            
00002747  EUSCIB2_IRQHandler            
00002747  EUSCIB3_IRQHandler            
00002747  FLCTL_IRQHandler              
00002747  FPU_IRQHandler                
00002747  HardFault_Handler             
00002747  MemManage_Handler             
00002747  NMI_Handler                   
00002747  PCM_IRQHandler                
00002747  PORT1_IRQHandler              
00002747  PORT2_IRQHandler              
00002747  PORT3_IRQHandler              
00002747  PORT4_IRQHandler              
00002747  PORT5_IRQHandler              
00002747  PORT6_IRQHandler              
00002747  PSS_IRQHandler                
00002747  PendSV_Handler                
00002747  RTC_C_IRQHandler              
00002747  SVC_Handler                   
00002747  SysTick_Handler               
00002747  T32_INT1_IRQHandler           
00002747  T32_INT2_IRQHandler           
00002747  T32_INTC_IRQHandler           
00002747  TA0_0_IRQHandler              
00002747  TA0_N_IRQHandler              
00002747  TA1_0_IRQHandler              
00002747  TA1_N_IRQHandler              
00002747  TA2_0_IRQHandler              
00002747  TA2_N_IRQHandler              
00002747  TA3_0_IRQHandler              
00002747  TA3_N_IRQHandler              
00002747  UsageFault_Handler            
00002747  WDT_A_IRQHandler              
00002755  __aeabi_errno_addr            
0000275d  _system_pre_init              
00002761  C$$EXIT                       
00002761  abort                         
00002764  _ctypes_                      
00002874  __TI_Handler_Table_Base       
0000287c  __TI_CINIT_Base               
0000287c  __TI_Handler_Table_Limit      
00002884  __TI_CINIT_Limit              
20000004  errno                         
20000008  SystemCoreClock               
2000fe00  __stack                       
20010000  __STACK_END                   
4000480c  WDTCTL_SYM                    
ffffffff  __TI_pprof_out_hndl           
ffffffff  __TI_prof_data_size           
ffffffff  __TI_prof_data_start          
ffffffff  __binit__                     
ffffffff  __c_args__                    
ffffffff  binit                         
UNDEFED   __mpu_init                    
UNDEFED   _system_post_cinit            

[139 symbols]
